The target system is: Android - 1 - armv7-a
The host system is: Linux - 6.1.0-34-amd64 - x86_64
Compiling the C compiler identification source file "CMakeCCompilerId.c" succeeded.
Compiler: /home/astucieux/.buildozer/android/platform/android-ndk-r25b/toolchains/llvm/prebuilt/linux-x86_64/bin/clang 
Build flags: -g;-DANDROID;-fdata-sections;-ffunction-sections;-funwind-tables;-fstack-protector-strong;-no-canonical-prefixes;-D_FORTIFY_SOURCE=2;-march=armv7-a;-mthumb;-Wformat;-Werror=format-security;
Id flags: -c;--target=armv7-none-linux-androideabi19 

The output was:
0


Compilation of the C compiler identification source "CMakeCCompilerId.c" produced "CMakeCCompilerId.o"

The C compiler identification is Clang, found in "/home/astucieux/Documents/py/flashcard/.buildozer/android/platform/build-arm64-v8a_armeabi-v7a/build/other_builds/jpeg/armeabi-v7a__ndk_target_21/jpeg/CMakeFiles/3.25.1/CompilerIdC/CMakeCCompilerId.o"

Detecting C compiler ABI info compiled with the following output:
Change Dir: /home/astucieux/Documents/py/flashcard/.buildozer/android/platform/build-arm64-v8a_armeabi-v7a/build/other_builds/jpeg/armeabi-v7a__ndk_target_21/jpeg/CMakeFiles/CMakeScratch/TryCompile-1eEKPk

Run Build Command(s):/usr/bin/gmake -f Makefile cmTC_bfa49/fast && make -j20  -f CMakeFiles/cmTC_bfa49.dir/build.make CMakeFiles/cmTC_bfa49.dir/build
make[1]: Entering directory '/home/astucieux/Documents/py/flashcard/.buildozer/android/platform/build-arm64-v8a_armeabi-v7a/build/other_builds/jpeg/armeabi-v7a__ndk_target_21/jpeg/CMakeFiles/CMakeScratch/TryCompile-1eEKPk'
Building C object CMakeFiles/cmTC_bfa49.dir/CMakeCCompilerABI.c.o
/home/astucieux/.buildozer/android/platform/android-ndk-r25b/toolchains/llvm/prebuilt/linux-x86_64/bin/clang --target=armv7-none-linux-androideabi19 --sysroot=/home/astucieux/.buildozer/android/platform/android-ndk-r25b/toolchains/llvm/prebuilt/linux-x86_64/sysroot   -g -DANDROID -fdata-sections -ffunction-sections -funwind-tables -fstack-protector-strong -no-canonical-prefixes -D_FORTIFY_SOURCE=2 -march=armv7-a -mthumb -Wformat   -fPIE   -v -MD -MT CMakeFiles/cmTC_bfa49.dir/CMakeCCompilerABI.c.o -MF CMakeFiles/cmTC_bfa49.dir/CMakeCCompilerABI.c.o.d -o CMakeFiles/cmTC_bfa49.dir/CMakeCCompilerABI.c.o -c /usr/share/cmake-3.25/Modules/CMakeCCompilerABI.c
Android (8490178, based on r450784d) clang version 14.0.6 (https://android.googlesource.com/toolchain/llvm-project 4c603efb0cca074e9238af8b4106c30add4418f6)
Target: armv7-none-linux-android19
Thread model: posix
InstalledDir: /home/astucieux/.buildozer/android/platform/android-ndk-r25b/toolchains/llvm/prebuilt/linux-x86_64/bin
 (in-process)
 "/home/astucieux/.buildozer/android/platform/android-ndk-r25b/toolchains/llvm/prebuilt/linux-x86_64/bin/clang" -cc1 -triple thumbv7-none-linux-android19 -emit-obj -mrelax-all --mrelax-relocations -disable-free -clear-ast-before-backend -disable-llvm-verifier -discard-value-names -main-file-name CMakeCCompilerABI.c -mrelocation-model pic -pic-level 2 -pic-is-pie -mframe-pointer=all -ffp-contract=on -fno-rounding-math -mconstructor-aliases -funwind-tables=1 -target-cpu generic -target-feature +soft-float-abi -target-feature +vfp2 -target-feature +vfp2sp -target-feature +vfp3 -target-feature +vfp3d16 -target-feature +vfp3d16sp -target-feature +vfp3sp -target-feature -fp16 -target-feature -vfp4 -target-feature -vfp4d16 -target-feature -vfp4d16sp -target-feature -vfp4sp -target-feature -fp-armv8 -target-feature -fp-armv8d16 -target-feature -fp-armv8d16sp -target-feature -fp-armv8sp -target-feature -fullfp16 -target-feature +fp64 -target-feature +d32 -target-feature +neon -target-feature -sha2 -target-feature -aes -target-feature -fp16fml -target-abi aapcs-linux -mfloat-abi soft -fallow-half-arguments-and-returns -mllvm -treat-scalable-fixed-error-as-warning -debug-info-kind=constructor -dwarf-version=4 -debugger-tuning=gdb -v -ffunction-sections -fdata-sections -fcoverage-compilation-dir=/home/astucieux/Documents/py/flashcard/.buildozer/android/platform/build-arm64-v8a_armeabi-v7a/build/other_builds/jpeg/armeabi-v7a__ndk_target_21/jpeg/CMakeFiles/CMakeScratch/TryCompile-1eEKPk -resource-dir /home/astucieux/.buildozer/android/platform/android-ndk-r25b/toolchains/llvm/prebuilt/linux-x86_64/lib64/clang/14.0.6 -dependency-file CMakeFiles/cmTC_bfa49.dir/CMakeCCompilerABI.c.o.d -MT CMakeFiles/cmTC_bfa49.dir/CMakeCCompilerABI.c.o -sys-header-deps -D ANDROID -D _FORTIFY_SOURCE=2 -isysroot /home/astucieux/.buildozer/android/platform/android-ndk-r25b/toolchains/llvm/prebuilt/linux-x86_64/sysroot -internal-isystem /home/astucieux/.buildozer/android/platform/android-ndk-r25b/toolchains/llvm/prebuilt/linux-x86_64/lib64/clang/14.0.6/include -internal-isystem /home/astucieux/.buildozer/android/platform/android-ndk-r25b/toolchains/llvm/prebuilt/linux-x86_64/sysroot/usr/local/include -internal-externc-isystem /home/astucieux/.buildozer/android/platform/android-ndk-r25b/toolchains/llvm/prebuilt/linux-x86_64/sysroot/usr/include/arm-linux-androideabi -internal-externc-isystem /home/astucieux/.buildozer/android/platform/android-ndk-r25b/toolchains/llvm/prebuilt/linux-x86_64/sysroot/include -internal-externc-isystem /home/astucieux/.buildozer/android/platform/android-ndk-r25b/toolchains/llvm/prebuilt/linux-x86_64/sysroot/usr/include -Wformat -fdebug-compilation-dir=/home/astucieux/Documents/py/flashcard/.buildozer/android/platform/build-arm64-v8a_armeabi-v7a/build/other_builds/jpeg/armeabi-v7a__ndk_target_21/jpeg/CMakeFiles/CMakeScratch/TryCompile-1eEKPk -ferror-limit 19 -stack-protector 2 -fno-signed-char -fgnuc-version=4.2.1 -D__GCC_HAVE_DWARF2_CFI_ASM=1 -o CMakeFiles/cmTC_bfa49.dir/CMakeCCompilerABI.c.o -x c /usr/share/cmake-3.25/Modules/CMakeCCompilerABI.c
clang -cc1 version 14.0.6 based upon LLVM 14.0.6git default target x86_64-unknown-linux-gnu
ignoring nonexistent directory "/home/astucieux/.buildozer/android/platform/android-ndk-r25b/toolchains/llvm/prebuilt/linux-x86_64/sysroot/include"
#include "..." search starts here:
#include <...> search starts here:
 /home/astucieux/.buildozer/android/platform/android-ndk-r25b/toolchains/llvm/prebuilt/linux-x86_64/lib64/clang/14.0.6/include
 /home/astucieux/.buildozer/android/platform/android-ndk-r25b/toolchains/llvm/prebuilt/linux-x86_64/sysroot/usr/local/include
 /home/astucieux/.buildozer/android/platform/android-ndk-r25b/toolchains/llvm/prebuilt/linux-x86_64/sysroot/usr/include/arm-linux-androideabi
 /home/astucieux/.buildozer/android/platform/android-ndk-r25b/toolchains/llvm/prebuilt/linux-x86_64/sysroot/usr/include
End of search list.
Linking C executable cmTC_bfa49
/usr/bin/cmake -E cmake_link_script CMakeFiles/cmTC_bfa49.dir/link.txt --verbose=1
/home/astucieux/.buildozer/android/platform/android-ndk-r25b/toolchains/llvm/prebuilt/linux-x86_64/bin/clang --target=armv7-none-linux-androideabi19 --sysroot=/home/astucieux/.buildozer/android/platform/android-ndk-r25b/toolchains/llvm/prebuilt/linux-x86_64/sysroot -g -DANDROID -fdata-sections -ffunction-sections -funwind-tables -fstack-protector-strong -no-canonical-prefixes -D_FORTIFY_SOURCE=2 -march=armv7-a -mthumb -Wformat   -static-libstdc++ -Wl,--build-id=sha1 -Wl,--no-rosegment -Wl,--fatal-warnings -Wl,--gc-sections -Wl,--no-undefined -Qunused-arguments -Wl,--gc-sections  -v CMakeFiles/cmTC_bfa49.dir/CMakeCCompilerABI.c.o -o cmTC_bfa49 
Android (8490178, based on r450784d) clang version 14.0.6 (https://android.googlesource.com/toolchain/llvm-project 4c603efb0cca074e9238af8b4106c30add4418f6)
Target: armv7-none-linux-android19
Thread model: posix
InstalledDir: /home/astucieux/.buildozer/android/platform/android-ndk-r25b/toolchains/llvm/prebuilt/linux-x86_64/bin
 "/home/astucieux/.buildozer/android/platform/android-ndk-r25b/toolchains/llvm/prebuilt/linux-x86_64/bin/ld" --sysroot=/home/astucieux/.buildozer/android/platform/android-ndk-r25b/toolchains/llvm/prebuilt/linux-x86_64/sysroot -pie -EL --warn-shared-textrel -z now -z relro -z max-page-size=4096 -X --hash-style=both --enable-new-dtags --eh-frame-hdr -m armelf_linux_eabi -dynamic-linker /system/bin/linker -o cmTC_bfa49 /home/astucieux/.buildozer/android/platform/android-ndk-r25b/toolchains/llvm/prebuilt/linux-x86_64/sysroot/usr/lib/arm-linux-androideabi/19/crtbegin_dynamic.o -L/home/astucieux/.buildozer/android/platform/android-ndk-r25b/toolchains/llvm/prebuilt/linux-x86_64/lib64/clang/14.0.6/lib/linux/arm -L/home/astucieux/.buildozer/android/platform/android-ndk-r25b/toolchains/llvm/prebuilt/linux-x86_64/sysroot/usr/lib/arm-linux-androideabi/19 -L/home/astucieux/.buildozer/android/platform/android-ndk-r25b/toolchains/llvm/prebuilt/linux-x86_64/sysroot/usr/lib/arm-linux-androideabi -L/home/astucieux/.buildozer/android/platform/android-ndk-r25b/toolchains/llvm/prebuilt/linux-x86_64/sysroot/usr/lib/../lib -L/home/astucieux/.buildozer/android/platform/android-ndk-r25b/toolchains/llvm/prebuilt/linux-x86_64/sysroot/usr/lib --build-id=sha1 --no-rosegment --fatal-warnings --gc-sections --no-undefined --gc-sections CMakeFiles/cmTC_bfa49.dir/CMakeCCompilerABI.c.o /home/astucieux/.buildozer/android/platform/android-ndk-r25b/toolchains/llvm/prebuilt/linux-x86_64/lib64/clang/14.0.6/lib/linux/libclang_rt.builtins-arm-android.a -l:libunwind.a -ldl -lc /home/astucieux/.buildozer/android/platform/android-ndk-r25b/toolchains/llvm/prebuilt/linux-x86_64/lib64/clang/14.0.6/lib/linux/libclang_rt.builtins-arm-android.a -l:libunwind.a -ldl /home/astucieux/.buildozer/android/platform/android-ndk-r25b/toolchains/llvm/prebuilt/linux-x86_64/sysroot/usr/lib/arm-linux-androideabi/19/crtend_android.o
make[1]: Leaving directory '/home/astucieux/Documents/py/flashcard/.buildozer/android/platform/build-arm64-v8a_armeabi-v7a/build/other_builds/jpeg/armeabi-v7a__ndk_target_21/jpeg/CMakeFiles/CMakeScratch/TryCompile-1eEKPk'



Parsed C implicit include dir info from above output: rv=done
  found start of include info
  found start of implicit include info
    add: [/home/astucieux/.buildozer/android/platform/android-ndk-r25b/toolchains/llvm/prebuilt/linux-x86_64/lib64/clang/14.0.6/include]
    add: [/home/astucieux/.buildozer/android/platform/android-ndk-r25b/toolchains/llvm/prebuilt/linux-x86_64/sysroot/usr/local/include]
    add: [/home/astucieux/.buildozer/android/platform/android-ndk-r25b/toolchains/llvm/prebuilt/linux-x86_64/sysroot/usr/include/arm-linux-androideabi]
    add: [/home/astucieux/.buildozer/android/platform/android-ndk-r25b/toolchains/llvm/prebuilt/linux-x86_64/sysroot/usr/include]
  end of search list found
  collapse include dir [/home/astucieux/.buildozer/android/platform/android-ndk-r25b/toolchains/llvm/prebuilt/linux-x86_64/lib64/clang/14.0.6/include] ==> [/home/astucieux/.buildozer/android/platform/android-ndk-r25b/toolchains/llvm/prebuilt/linux-x86_64/lib64/clang/14.0.6/include]
  collapse include dir [/home/astucieux/.buildozer/android/platform/android-ndk-r25b/toolchains/llvm/prebuilt/linux-x86_64/sysroot/usr/local/include] ==> [/home/astucieux/.buildozer/android/platform/android-ndk-r25b/toolchains/llvm/prebuilt/linux-x86_64/sysroot/usr/local/include]
  collapse include dir [/home/astucieux/.buildozer/android/platform/android-ndk-r25b/toolchains/llvm/prebuilt/linux-x86_64/sysroot/usr/include/arm-linux-androideabi] ==> [/home/astucieux/.buildozer/android/platform/android-ndk-r25b/toolchains/llvm/prebuilt/linux-x86_64/sysroot/usr/include/arm-linux-androideabi]
  collapse include dir [/home/astucieux/.buildozer/android/platform/android-ndk-r25b/toolchains/llvm/prebuilt/linux-x86_64/sysroot/usr/include] ==> [/home/astucieux/.buildozer/android/platform/android-ndk-r25b/toolchains/llvm/prebuilt/linux-x86_64/sysroot/usr/include]
  implicit include dirs: [/home/astucieux/.buildozer/android/platform/android-ndk-r25b/toolchains/llvm/prebuilt/linux-x86_64/lib64/clang/14.0.6/include;/home/astucieux/.buildozer/android/platform/android-ndk-r25b/toolchains/llvm/prebuilt/linux-x86_64/sysroot/usr/local/include;/home/astucieux/.buildozer/android/platform/android-ndk-r25b/toolchains/llvm/prebuilt/linux-x86_64/sysroot/usr/include/arm-linux-androideabi;/home/astucieux/.buildozer/android/platform/android-ndk-r25b/toolchains/llvm/prebuilt/linux-x86_64/sysroot/usr/include]


Parsed C implicit link information from above output:
  link line regex: [^( *|.*[/\])(ld\.lld|CMAKE_LINK_STARTFILE-NOTFOUND|([^/\]+-)?ld|collect2)[^/\]*( |$)]
  ignore line: [Change Dir: /home/astucieux/Documents/py/flashcard/.buildozer/android/platform/build-arm64-v8a_armeabi-v7a/build/other_builds/jpeg/armeabi-v7a__ndk_target_21/jpeg/CMakeFiles/CMakeScratch/TryCompile-1eEKPk]
  ignore line: []
  ignore line: [Run Build Command(s):/usr/bin/gmake -f Makefile cmTC_bfa49/fast && make -j20  -f CMakeFiles/cmTC_bfa49.dir/build.make CMakeFiles/cmTC_bfa49.dir/build]
  ignore line: [make[1]: Entering directory '/home/astucieux/Documents/py/flashcard/.buildozer/android/platform/build-arm64-v8a_armeabi-v7a/build/other_builds/jpeg/armeabi-v7a__ndk_target_21/jpeg/CMakeFiles/CMakeScratch/TryCompile-1eEKPk']
  ignore line: [Building C object CMakeFiles/cmTC_bfa49.dir/CMakeCCompilerABI.c.o]
  ignore line: [/home/astucieux/.buildozer/android/platform/android-ndk-r25b/toolchains/llvm/prebuilt/linux-x86_64/bin/clang --target=armv7-none-linux-androideabi19 --sysroot=/home/astucieux/.buildozer/android/platform/android-ndk-r25b/toolchains/llvm/prebuilt/linux-x86_64/sysroot   -g -DANDROID -fdata-sections -ffunction-sections -funwind-tables -fstack-protector-strong -no-canonical-prefixes -D_FORTIFY_SOURCE=2 -march=armv7-a -mthumb -Wformat   -fPIE   -v -MD -MT CMakeFiles/cmTC_bfa49.dir/CMakeCCompilerABI.c.o -MF CMakeFiles/cmTC_bfa49.dir/CMakeCCompilerABI.c.o.d -o CMakeFiles/cmTC_bfa49.dir/CMakeCCompilerABI.c.o -c /usr/share/cmake-3.25/Modules/CMakeCCompilerABI.c]
  ignore line: [Android (8490178  based on r450784d) clang version 14.0.6 (https://android.googlesource.com/toolchain/llvm-project 4c603efb0cca074e9238af8b4106c30add4418f6)]
  ignore line: [Target: armv7-none-linux-android19]
  ignore line: [Thread model: posix]
  ignore line: [InstalledDir: /home/astucieux/.buildozer/android/platform/android-ndk-r25b/toolchains/llvm/prebuilt/linux-x86_64/bin]
  ignore line: [ (in-process)]
  ignore line: [ "/home/astucieux/.buildozer/android/platform/android-ndk-r25b/toolchains/llvm/prebuilt/linux-x86_64/bin/clang" -cc1 -triple thumbv7-none-linux-android19 -emit-obj -mrelax-all --mrelax-relocations -disable-free -clear-ast-before-backend -disable-llvm-verifier -discard-value-names -main-file-name CMakeCCompilerABI.c -mrelocation-model pic -pic-level 2 -pic-is-pie -mframe-pointer=all -ffp-contract=on -fno-rounding-math -mconstructor-aliases -funwind-tables=1 -target-cpu generic -target-feature +soft-float-abi -target-feature +vfp2 -target-feature +vfp2sp -target-feature +vfp3 -target-feature +vfp3d16 -target-feature +vfp3d16sp -target-feature +vfp3sp -target-feature -fp16 -target-feature -vfp4 -target-feature -vfp4d16 -target-feature -vfp4d16sp -target-feature -vfp4sp -target-feature -fp-armv8 -target-feature -fp-armv8d16 -target-feature -fp-armv8d16sp -target-feature -fp-armv8sp -target-feature -fullfp16 -target-feature +fp64 -target-feature +d32 -target-feature +neon -target-feature -sha2 -target-feature -aes -target-feature -fp16fml -target-abi aapcs-linux -mfloat-abi soft -fallow-half-arguments-and-returns -mllvm -treat-scalable-fixed-error-as-warning -debug-info-kind=constructor -dwarf-version=4 -debugger-tuning=gdb -v -ffunction-sections -fdata-sections -fcoverage-compilation-dir=/home/astucieux/Documents/py/flashcard/.buildozer/android/platform/build-arm64-v8a_armeabi-v7a/build/other_builds/jpeg/armeabi-v7a__ndk_target_21/jpeg/CMakeFiles/CMakeScratch/TryCompile-1eEKPk -resource-dir /home/astucieux/.buildozer/android/platform/android-ndk-r25b/toolchains/llvm/prebuilt/linux-x86_64/lib64/clang/14.0.6 -dependency-file CMakeFiles/cmTC_bfa49.dir/CMakeCCompilerABI.c.o.d -MT CMakeFiles/cmTC_bfa49.dir/CMakeCCompilerABI.c.o -sys-header-deps -D ANDROID -D _FORTIFY_SOURCE=2 -isysroot /home/astucieux/.buildozer/android/platform/android-ndk-r25b/toolchains/llvm/prebuilt/linux-x86_64/sysroot -internal-isystem /home/astucieux/.buildozer/android/platform/android-ndk-r25b/toolchains/llvm/prebuilt/linux-x86_64/lib64/clang/14.0.6/include -internal-isystem /home/astucieux/.buildozer/android/platform/android-ndk-r25b/toolchains/llvm/prebuilt/linux-x86_64/sysroot/usr/local/include -internal-externc-isystem /home/astucieux/.buildozer/android/platform/android-ndk-r25b/toolchains/llvm/prebuilt/linux-x86_64/sysroot/usr/include/arm-linux-androideabi -internal-externc-isystem /home/astucieux/.buildozer/android/platform/android-ndk-r25b/toolchains/llvm/prebuilt/linux-x86_64/sysroot/include -internal-externc-isystem /home/astucieux/.buildozer/android/platform/android-ndk-r25b/toolchains/llvm/prebuilt/linux-x86_64/sysroot/usr/include -Wformat -fdebug-compilation-dir=/home/astucieux/Documents/py/flashcard/.buildozer/android/platform/build-arm64-v8a_armeabi-v7a/build/other_builds/jpeg/armeabi-v7a__ndk_target_21/jpeg/CMakeFiles/CMakeScratch/TryCompile-1eEKPk -ferror-limit 19 -stack-protector 2 -fno-signed-char -fgnuc-version=4.2.1 -D__GCC_HAVE_DWARF2_CFI_ASM=1 -o CMakeFiles/cmTC_bfa49.dir/CMakeCCompilerABI.c.o -x c /usr/share/cmake-3.25/Modules/CMakeCCompilerABI.c]
  ignore line: [clang -cc1 version 14.0.6 based upon LLVM 14.0.6git default target x86_64-unknown-linux-gnu]
  ignore line: [ignoring nonexistent directory "/home/astucieux/.buildozer/android/platform/android-ndk-r25b/toolchains/llvm/prebuilt/linux-x86_64/sysroot/include"]
  ignore line: [#include "..." search starts here:]
  ignore line: [#include <...> search starts here:]
  ignore line: [ /home/astucieux/.buildozer/android/platform/android-ndk-r25b/toolchains/llvm/prebuilt/linux-x86_64/lib64/clang/14.0.6/include]
  ignore line: [ /home/astucieux/.buildozer/android/platform/android-ndk-r25b/toolchains/llvm/prebuilt/linux-x86_64/sysroot/usr/local/include]
  ignore line: [ /home/astucieux/.buildozer/android/platform/android-ndk-r25b/toolchains/llvm/prebuilt/linux-x86_64/sysroot/usr/include/arm-linux-androideabi]
  ignore line: [ /home/astucieux/.buildozer/android/platform/android-ndk-r25b/toolchains/llvm/prebuilt/linux-x86_64/sysroot/usr/include]
  ignore line: [End of search list.]
  ignore line: [Linking C executable cmTC_bfa49]
  ignore line: [/usr/bin/cmake -E cmake_link_script CMakeFiles/cmTC_bfa49.dir/link.txt --verbose=1]
  ignore line: [/home/astucieux/.buildozer/android/platform/android-ndk-r25b/toolchains/llvm/prebuilt/linux-x86_64/bin/clang --target=armv7-none-linux-androideabi19 --sysroot=/home/astucieux/.buildozer/android/platform/android-ndk-r25b/toolchains/llvm/prebuilt/linux-x86_64/sysroot -g -DANDROID -fdata-sections -ffunction-sections -funwind-tables -fstack-protector-strong -no-canonical-prefixes -D_FORTIFY_SOURCE=2 -march=armv7-a -mthumb -Wformat   -static-libstdc++ -Wl --build-id=sha1 -Wl --no-rosegment -Wl --fatal-warnings -Wl --gc-sections -Wl --no-undefined -Qunused-arguments -Wl --gc-sections  -v CMakeFiles/cmTC_bfa49.dir/CMakeCCompilerABI.c.o -o cmTC_bfa49 ]
  ignore line: [Android (8490178  based on r450784d) clang version 14.0.6 (https://android.googlesource.com/toolchain/llvm-project 4c603efb0cca074e9238af8b4106c30add4418f6)]
  ignore line: [Target: armv7-none-linux-android19]
  ignore line: [Thread model: posix]
  ignore line: [InstalledDir: /home/astucieux/.buildozer/android/platform/android-ndk-r25b/toolchains/llvm/prebuilt/linux-x86_64/bin]
  link line: [ "/home/astucieux/.buildozer/android/platform/android-ndk-r25b/toolchains/llvm/prebuilt/linux-x86_64/bin/ld" --sysroot=/home/astucieux/.buildozer/android/platform/android-ndk-r25b/toolchains/llvm/prebuilt/linux-x86_64/sysroot -pie -EL --warn-shared-textrel -z now -z relro -z max-page-size=4096 -X --hash-style=both --enable-new-dtags --eh-frame-hdr -m armelf_linux_eabi -dynamic-linker /system/bin/linker -o cmTC_bfa49 /home/astucieux/.buildozer/android/platform/android-ndk-r25b/toolchains/llvm/prebuilt/linux-x86_64/sysroot/usr/lib/arm-linux-androideabi/19/crtbegin_dynamic.o -L/home/astucieux/.buildozer/android/platform/android-ndk-r25b/toolchains/llvm/prebuilt/linux-x86_64/lib64/clang/14.0.6/lib/linux/arm -L/home/astucieux/.buildozer/android/platform/android-ndk-r25b/toolchains/llvm/prebuilt/linux-x86_64/sysroot/usr/lib/arm-linux-androideabi/19 -L/home/astucieux/.buildozer/android/platform/android-ndk-r25b/toolchains/llvm/prebuilt/linux-x86_64/sysroot/usr/lib/arm-linux-androideabi -L/home/astucieux/.buildozer/android/platform/android-ndk-r25b/toolchains/llvm/prebuilt/linux-x86_64/sysroot/usr/lib/../lib -L/home/astucieux/.buildozer/android/platform/android-ndk-r25b/toolchains/llvm/prebuilt/linux-x86_64/sysroot/usr/lib --build-id=sha1 --no-rosegment --fatal-warnings --gc-sections --no-undefined --gc-sections CMakeFiles/cmTC_bfa49.dir/CMakeCCompilerABI.c.o /home/astucieux/.buildozer/android/platform/android-ndk-r25b/toolchains/llvm/prebuilt/linux-x86_64/lib64/clang/14.0.6/lib/linux/libclang_rt.builtins-arm-android.a -l:libunwind.a -ldl -lc /home/astucieux/.buildozer/android/platform/android-ndk-r25b/toolchains/llvm/prebuilt/linux-x86_64/lib64/clang/14.0.6/lib/linux/libclang_rt.builtins-arm-android.a -l:libunwind.a -ldl /home/astucieux/.buildozer/android/platform/android-ndk-r25b/toolchains/llvm/prebuilt/linux-x86_64/sysroot/usr/lib/arm-linux-androideabi/19/crtend_android.o]
    arg [/home/astucieux/.buildozer/android/platform/android-ndk-r25b/toolchains/llvm/prebuilt/linux-x86_64/bin/ld] ==> ignore
    arg [--sysroot=/home/astucieux/.buildozer/android/platform/android-ndk-r25b/toolchains/llvm/prebuilt/linux-x86_64/sysroot] ==> ignore
    arg [-pie] ==> ignore
    arg [-EL] ==> ignore
    arg [--warn-shared-textrel] ==> ignore
    arg [-znow] ==> ignore
    arg [-zrelro] ==> ignore
    arg [-zmax-page-size=4096] ==> ignore
    arg [-X] ==> ignore
    arg [--hash-style=both] ==> ignore
    arg [--enable-new-dtags] ==> ignore
    arg [--eh-frame-hdr] ==> ignore
    arg [-m] ==> ignore
    arg [armelf_linux_eabi] ==> ignore
    arg [-dynamic-linker] ==> ignore
    arg [/system/bin/linker] ==> ignore
    arg [-o] ==> ignore
    arg [cmTC_bfa49] ==> ignore
    arg [/home/astucieux/.buildozer/android/platform/android-ndk-r25b/toolchains/llvm/prebuilt/linux-x86_64/sysroot/usr/lib/arm-linux-androideabi/19/crtbegin_dynamic.o] ==> obj [/home/astucieux/.buildozer/android/platform/android-ndk-r25b/toolchains/llvm/prebuilt/linux-x86_64/sysroot/usr/lib/arm-linux-androideabi/19/crtbegin_dynamic.o]
    arg [-L/home/astucieux/.buildozer/android/platform/android-ndk-r25b/toolchains/llvm/prebuilt/linux-x86_64/lib64/clang/14.0.6/lib/linux/arm] ==> dir [/home/astucieux/.buildozer/android/platform/android-ndk-r25b/toolchains/llvm/prebuilt/linux-x86_64/lib64/clang/14.0.6/lib/linux/arm]
    arg [-L/home/astucieux/.buildozer/android/platform/android-ndk-r25b/toolchains/llvm/prebuilt/linux-x86_64/sysroot/usr/lib/arm-linux-androideabi/19] ==> dir [/home/astucieux/.buildozer/android/platform/android-ndk-r25b/toolchains/llvm/prebuilt/linux-x86_64/sysroot/usr/lib/arm-linux-androideabi/19]
    arg [-L/home/astucieux/.buildozer/android/platform/android-ndk-r25b/toolchains/llvm/prebuilt/linux-x86_64/sysroot/usr/lib/arm-linux-androideabi] ==> dir [/home/astucieux/.buildozer/android/platform/android-ndk-r25b/toolchains/llvm/prebuilt/linux-x86_64/sysroot/usr/lib/arm-linux-androideabi]
    arg [-L/home/astucieux/.buildozer/android/platform/android-ndk-r25b/toolchains/llvm/prebuilt/linux-x86_64/sysroot/usr/lib/../lib] ==> dir [/home/astucieux/.buildozer/android/platform/android-ndk-r25b/toolchains/llvm/prebuilt/linux-x86_64/sysroot/usr/lib/../lib]
    arg [-L/home/astucieux/.buildozer/android/platform/android-ndk-r25b/toolchains/llvm/prebuilt/linux-x86_64/sysroot/usr/lib] ==> dir [/home/astucieux/.buildozer/android/platform/android-ndk-r25b/toolchains/llvm/prebuilt/linux-x86_64/sysroot/usr/lib]
    arg [--build-id=sha1] ==> ignore
    arg [--no-rosegment] ==> ignore
    arg [--fatal-warnings] ==> ignore
    arg [--gc-sections] ==> ignore
    arg [--no-undefined] ==> ignore
    arg [--gc-sections] ==> ignore
    arg [CMakeFiles/cmTC_bfa49.dir/CMakeCCompilerABI.c.o] ==> ignore
    arg [/home/astucieux/.buildozer/android/platform/android-ndk-r25b/toolchains/llvm/prebuilt/linux-x86_64/lib64/clang/14.0.6/lib/linux/libclang_rt.builtins-arm-android.a] ==> lib [/home/astucieux/.buildozer/android/platform/android-ndk-r25b/toolchains/llvm/prebuilt/linux-x86_64/lib64/clang/14.0.6/lib/linux/libclang_rt.builtins-arm-android.a]
    arg [-l:libunwind.a] ==> lib [-l:libunwind.a]
    arg [-ldl] ==> lib [dl]
    arg [-lc] ==> lib [c]
    arg [/home/astucieux/.buildozer/android/platform/android-ndk-r25b/toolchains/llvm/prebuilt/linux-x86_64/lib64/clang/14.0.6/lib/linux/libclang_rt.builtins-arm-android.a] ==> lib [/home/astucieux/.buildozer/android/platform/android-ndk-r25b/toolchains/llvm/prebuilt/linux-x86_64/lib64/clang/14.0.6/lib/linux/libclang_rt.builtins-arm-android.a]
    arg [-l:libunwind.a] ==> lib [-l:libunwind.a]
    arg [-ldl] ==> lib [dl]
    arg [/home/astucieux/.buildozer/android/platform/android-ndk-r25b/toolchains/llvm/prebuilt/linux-x86_64/sysroot/usr/lib/arm-linux-androideabi/19/crtend_android.o] ==> obj [/home/astucieux/.buildozer/android/platform/android-ndk-r25b/toolchains/llvm/prebuilt/linux-x86_64/sysroot/usr/lib/arm-linux-androideabi/19/crtend_android.o]
  remove lib [/home/astucieux/.buildozer/android/platform/android-ndk-r25b/toolchains/llvm/prebuilt/linux-x86_64/lib64/clang/14.0.6/lib/linux/libclang_rt.builtins-arm-android.a]
  remove lib [/home/astucieux/.buildozer/android/platform/android-ndk-r25b/toolchains/llvm/prebuilt/linux-x86_64/lib64/clang/14.0.6/lib/linux/libclang_rt.builtins-arm-android.a]
  collapse library dir [/home/astucieux/.buildozer/android/platform/android-ndk-r25b/toolchains/llvm/prebuilt/linux-x86_64/lib64/clang/14.0.6/lib/linux/arm] ==> [/home/astucieux/.buildozer/android/platform/android-ndk-r25b/toolchains/llvm/prebuilt/linux-x86_64/lib64/clang/14.0.6/lib/linux/arm]
  collapse library dir [/home/astucieux/.buildozer/android/platform/android-ndk-r25b/toolchains/llvm/prebuilt/linux-x86_64/sysroot/usr/lib/arm-linux-androideabi/19] ==> [/home/astucieux/.buildozer/android/platform/android-ndk-r25b/toolchains/llvm/prebuilt/linux-x86_64/sysroot/usr/lib/arm-linux-androideabi/19]
  collapse library dir [/home/astucieux/.buildozer/android/platform/android-ndk-r25b/toolchains/llvm/prebuilt/linux-x86_64/sysroot/usr/lib/arm-linux-androideabi] ==> [/home/astucieux/.buildozer/android/platform/android-ndk-r25b/toolchains/llvm/prebuilt/linux-x86_64/sysroot/usr/lib/arm-linux-androideabi]
  collapse library dir [/home/astucieux/.buildozer/android/platform/android-ndk-r25b/toolchains/llvm/prebuilt/linux-x86_64/sysroot/usr/lib/../lib] ==> [/home/astucieux/.buildozer/android/platform/android-ndk-r25b/toolchains/llvm/prebuilt/linux-x86_64/sysroot/usr/lib]
  collapse library dir [/home/astucieux/.buildozer/android/platform/android-ndk-r25b/toolchains/llvm/prebuilt/linux-x86_64/sysroot/usr/lib] ==> [/home/astucieux/.buildozer/android/platform/android-ndk-r25b/toolchains/llvm/prebuilt/linux-x86_64/sysroot/usr/lib]
  implicit libs: [-l:libunwind.a;dl;c;-l:libunwind.a;dl]
  implicit objs: [/home/astucieux/.buildozer/android/platform/android-ndk-r25b/toolchains/llvm/prebuilt/linux-x86_64/sysroot/usr/lib/arm-linux-androideabi/19/crtbegin_dynamic.o;/home/astucieux/.buildozer/android/platform/android-ndk-r25b/toolchains/llvm/prebuilt/linux-x86_64/sysroot/usr/lib/arm-linux-androideabi/19/crtend_android.o]
  implicit dirs: [/home/astucieux/.buildozer/android/platform/android-ndk-r25b/toolchains/llvm/prebuilt/linux-x86_64/lib64/clang/14.0.6/lib/linux/arm;/home/astucieux/.buildozer/android/platform/android-ndk-r25b/toolchains/llvm/prebuilt/linux-x86_64/sysroot/usr/lib/arm-linux-androideabi/19;/home/astucieux/.buildozer/android/platform/android-ndk-r25b/toolchains/llvm/prebuilt/linux-x86_64/sysroot/usr/lib/arm-linux-androideabi;/home/astucieux/.buildozer/android/platform/android-ndk-r25b/toolchains/llvm/prebuilt/linux-x86_64/sysroot/usr/lib]
  implicit fwks: []


Determining if the include file sys/types.h exists passed with the following output:
Change Dir: /home/astucieux/Documents/py/flashcard/.buildozer/android/platform/build-arm64-v8a_armeabi-v7a/build/other_builds/jpeg/armeabi-v7a__ndk_target_21/jpeg/CMakeFiles/CMakeScratch/TryCompile-8nojbE

Run Build Command(s):/usr/bin/gmake -f Makefile cmTC_9f0f8/fast && make -j20  -f CMakeFiles/cmTC_9f0f8.dir/build.make CMakeFiles/cmTC_9f0f8.dir/build
make[1]: Entering directory '/home/astucieux/Documents/py/flashcard/.buildozer/android/platform/build-arm64-v8a_armeabi-v7a/build/other_builds/jpeg/armeabi-v7a__ndk_target_21/jpeg/CMakeFiles/CMakeScratch/TryCompile-8nojbE'
Building C object CMakeFiles/cmTC_9f0f8.dir/CheckIncludeFile.c.o
/home/astucieux/.buildozer/android/platform/android-ndk-r25b/toolchains/llvm/prebuilt/linux-x86_64/bin/clang --target=armv7-none-linux-androideabi19 --sysroot=/home/astucieux/.buildozer/android/platform/android-ndk-r25b/toolchains/llvm/prebuilt/linux-x86_64/sysroot   -g -DANDROID -fdata-sections -ffunction-sections -funwind-tables -fstack-protector-strong -no-canonical-prefixes -D_FORTIFY_SOURCE=2 -march=armv7-a -mthumb -Wformat -Werror=format-security   -fPIE -MD -MT CMakeFiles/cmTC_9f0f8.dir/CheckIncludeFile.c.o -MF CMakeFiles/cmTC_9f0f8.dir/CheckIncludeFile.c.o.d -o CMakeFiles/cmTC_9f0f8.dir/CheckIncludeFile.c.o -c /home/astucieux/Documents/py/flashcard/.buildozer/android/platform/build-arm64-v8a_armeabi-v7a/build/other_builds/jpeg/armeabi-v7a__ndk_target_21/jpeg/CMakeFiles/CMakeScratch/TryCompile-8nojbE/CheckIncludeFile.c
Linking C executable cmTC_9f0f8
/usr/bin/cmake -E cmake_link_script CMakeFiles/cmTC_9f0f8.dir/link.txt --verbose=1
/home/astucieux/.buildozer/android/platform/android-ndk-r25b/toolchains/llvm/prebuilt/linux-x86_64/bin/clang --target=armv7-none-linux-androideabi19 --sysroot=/home/astucieux/.buildozer/android/platform/android-ndk-r25b/toolchains/llvm/prebuilt/linux-x86_64/sysroot -g -DANDROID -fdata-sections -ffunction-sections -funwind-tables -fstack-protector-strong -no-canonical-prefixes -D_FORTIFY_SOURCE=2 -march=armv7-a -mthumb -Wformat -Werror=format-security   -static-libstdc++ -Wl,--build-id=sha1 -Wl,--no-rosegment -Wl,--fatal-warnings -Wl,--gc-sections -Wl,--no-undefined -Qunused-arguments -Wl,--gc-sections   CMakeFiles/cmTC_9f0f8.dir/CheckIncludeFile.c.o -o cmTC_9f0f8  -latomic -lm 
make[1]: Leaving directory '/home/astucieux/Documents/py/flashcard/.buildozer/android/platform/build-arm64-v8a_armeabi-v7a/build/other_builds/jpeg/armeabi-v7a__ndk_target_21/jpeg/CMakeFiles/CMakeScratch/TryCompile-8nojbE'



Determining if the include file stdint.h exists passed with the following output:
Change Dir: /home/astucieux/Documents/py/flashcard/.buildozer/android/platform/build-arm64-v8a_armeabi-v7a/build/other_builds/jpeg/armeabi-v7a__ndk_target_21/jpeg/CMakeFiles/CMakeScratch/TryCompile-IX8wdE

Run Build Command(s):/usr/bin/gmake -f Makefile cmTC_af2b0/fast && make -j20  -f CMakeFiles/cmTC_af2b0.dir/build.make CMakeFiles/cmTC_af2b0.dir/build
make[1]: Entering directory '/home/astucieux/Documents/py/flashcard/.buildozer/android/platform/build-arm64-v8a_armeabi-v7a/build/other_builds/jpeg/armeabi-v7a__ndk_target_21/jpeg/CMakeFiles/CMakeScratch/TryCompile-IX8wdE'
Building C object CMakeFiles/cmTC_af2b0.dir/CheckIncludeFile.c.o
/home/astucieux/.buildozer/android/platform/android-ndk-r25b/toolchains/llvm/prebuilt/linux-x86_64/bin/clang --target=armv7-none-linux-androideabi19 --sysroot=/home/astucieux/.buildozer/android/platform/android-ndk-r25b/toolchains/llvm/prebuilt/linux-x86_64/sysroot   -g -DANDROID -fdata-sections -ffunction-sections -funwind-tables -fstack-protector-strong -no-canonical-prefixes -D_FORTIFY_SOURCE=2 -march=armv7-a -mthumb -Wformat -Werror=format-security   -fPIE -MD -MT CMakeFiles/cmTC_af2b0.dir/CheckIncludeFile.c.o -MF CMakeFiles/cmTC_af2b0.dir/CheckIncludeFile.c.o.d -o CMakeFiles/cmTC_af2b0.dir/CheckIncludeFile.c.o -c /home/astucieux/Documents/py/flashcard/.buildozer/android/platform/build-arm64-v8a_armeabi-v7a/build/other_builds/jpeg/armeabi-v7a__ndk_target_21/jpeg/CMakeFiles/CMakeScratch/TryCompile-IX8wdE/CheckIncludeFile.c
Linking C executable cmTC_af2b0
/usr/bin/cmake -E cmake_link_script CMakeFiles/cmTC_af2b0.dir/link.txt --verbose=1
/home/astucieux/.buildozer/android/platform/android-ndk-r25b/toolchains/llvm/prebuilt/linux-x86_64/bin/clang --target=armv7-none-linux-androideabi19 --sysroot=/home/astucieux/.buildozer/android/platform/android-ndk-r25b/toolchains/llvm/prebuilt/linux-x86_64/sysroot -g -DANDROID -fdata-sections -ffunction-sections -funwind-tables -fstack-protector-strong -no-canonical-prefixes -D_FORTIFY_SOURCE=2 -march=armv7-a -mthumb -Wformat -Werror=format-security   -static-libstdc++ -Wl,--build-id=sha1 -Wl,--no-rosegment -Wl,--fatal-warnings -Wl,--gc-sections -Wl,--no-undefined -Qunused-arguments -Wl,--gc-sections   CMakeFiles/cmTC_af2b0.dir/CheckIncludeFile.c.o -o cmTC_af2b0  -latomic -lm 
make[1]: Leaving directory '/home/astucieux/Documents/py/flashcard/.buildozer/android/platform/build-arm64-v8a_armeabi-v7a/build/other_builds/jpeg/armeabi-v7a__ndk_target_21/jpeg/CMakeFiles/CMakeScratch/TryCompile-IX8wdE'



Determining if the include file stddef.h exists passed with the following output:
Change Dir: /home/astucieux/Documents/py/flashcard/.buildozer/android/platform/build-arm64-v8a_armeabi-v7a/build/other_builds/jpeg/armeabi-v7a__ndk_target_21/jpeg/CMakeFiles/CMakeScratch/TryCompile-wNbxSC

Run Build Command(s):/usr/bin/gmake -f Makefile cmTC_c2a11/fast && make -j20  -f CMakeFiles/cmTC_c2a11.dir/build.make CMakeFiles/cmTC_c2a11.dir/build
make[1]: Entering directory '/home/astucieux/Documents/py/flashcard/.buildozer/android/platform/build-arm64-v8a_armeabi-v7a/build/other_builds/jpeg/armeabi-v7a__ndk_target_21/jpeg/CMakeFiles/CMakeScratch/TryCompile-wNbxSC'
Building C object CMakeFiles/cmTC_c2a11.dir/CheckIncludeFile.c.o
/home/astucieux/.buildozer/android/platform/android-ndk-r25b/toolchains/llvm/prebuilt/linux-x86_64/bin/clang --target=armv7-none-linux-androideabi19 --sysroot=/home/astucieux/.buildozer/android/platform/android-ndk-r25b/toolchains/llvm/prebuilt/linux-x86_64/sysroot   -g -DANDROID -fdata-sections -ffunction-sections -funwind-tables -fstack-protector-strong -no-canonical-prefixes -D_FORTIFY_SOURCE=2 -march=armv7-a -mthumb -Wformat -Werror=format-security   -fPIE -MD -MT CMakeFiles/cmTC_c2a11.dir/CheckIncludeFile.c.o -MF CMakeFiles/cmTC_c2a11.dir/CheckIncludeFile.c.o.d -o CMakeFiles/cmTC_c2a11.dir/CheckIncludeFile.c.o -c /home/astucieux/Documents/py/flashcard/.buildozer/android/platform/build-arm64-v8a_armeabi-v7a/build/other_builds/jpeg/armeabi-v7a__ndk_target_21/jpeg/CMakeFiles/CMakeScratch/TryCompile-wNbxSC/CheckIncludeFile.c
Linking C executable cmTC_c2a11
/usr/bin/cmake -E cmake_link_script CMakeFiles/cmTC_c2a11.dir/link.txt --verbose=1
/home/astucieux/.buildozer/android/platform/android-ndk-r25b/toolchains/llvm/prebuilt/linux-x86_64/bin/clang --target=armv7-none-linux-androideabi19 --sysroot=/home/astucieux/.buildozer/android/platform/android-ndk-r25b/toolchains/llvm/prebuilt/linux-x86_64/sysroot -g -DANDROID -fdata-sections -ffunction-sections -funwind-tables -fstack-protector-strong -no-canonical-prefixes -D_FORTIFY_SOURCE=2 -march=armv7-a -mthumb -Wformat -Werror=format-security   -static-libstdc++ -Wl,--build-id=sha1 -Wl,--no-rosegment -Wl,--fatal-warnings -Wl,--gc-sections -Wl,--no-undefined -Qunused-arguments -Wl,--gc-sections   CMakeFiles/cmTC_c2a11.dir/CheckIncludeFile.c.o -o cmTC_c2a11  -latomic -lm 
make[1]: Leaving directory '/home/astucieux/Documents/py/flashcard/.buildozer/android/platform/build-arm64-v8a_armeabi-v7a/build/other_builds/jpeg/armeabi-v7a__ndk_target_21/jpeg/CMakeFiles/CMakeScratch/TryCompile-wNbxSC'



Determining size of size_t passed with the following output:
Change Dir: /home/astucieux/Documents/py/flashcard/.buildozer/android/platform/build-arm64-v8a_armeabi-v7a/build/other_builds/jpeg/armeabi-v7a__ndk_target_21/jpeg/CMakeFiles/CMakeScratch/TryCompile-j7zVMQ

Run Build Command(s):/usr/bin/gmake -f Makefile cmTC_017ec/fast && make -j20  -f CMakeFiles/cmTC_017ec.dir/build.make CMakeFiles/cmTC_017ec.dir/build
make[1]: Entering directory '/home/astucieux/Documents/py/flashcard/.buildozer/android/platform/build-arm64-v8a_armeabi-v7a/build/other_builds/jpeg/armeabi-v7a__ndk_target_21/jpeg/CMakeFiles/CMakeScratch/TryCompile-j7zVMQ'
Building C object CMakeFiles/cmTC_017ec.dir/SIZE_T.c.o
/home/astucieux/.buildozer/android/platform/android-ndk-r25b/toolchains/llvm/prebuilt/linux-x86_64/bin/clang --target=armv7-none-linux-androideabi19 --sysroot=/home/astucieux/.buildozer/android/platform/android-ndk-r25b/toolchains/llvm/prebuilt/linux-x86_64/sysroot   -g -DANDROID -fdata-sections -ffunction-sections -funwind-tables -fstack-protector-strong -no-canonical-prefixes -D_FORTIFY_SOURCE=2 -march=armv7-a -mthumb -Wformat -Werror=format-security   -fPIE -MD -MT CMakeFiles/cmTC_017ec.dir/SIZE_T.c.o -MF CMakeFiles/cmTC_017ec.dir/SIZE_T.c.o.d -o CMakeFiles/cmTC_017ec.dir/SIZE_T.c.o -c /home/astucieux/Documents/py/flashcard/.buildozer/android/platform/build-arm64-v8a_armeabi-v7a/build/other_builds/jpeg/armeabi-v7a__ndk_target_21/jpeg/CMakeFiles/CMakeScratch/TryCompile-j7zVMQ/SIZE_T.c
Linking C executable cmTC_017ec
/usr/bin/cmake -E cmake_link_script CMakeFiles/cmTC_017ec.dir/link.txt --verbose=1
/home/astucieux/.buildozer/android/platform/android-ndk-r25b/toolchains/llvm/prebuilt/linux-x86_64/bin/clang --target=armv7-none-linux-androideabi19 --sysroot=/home/astucieux/.buildozer/android/platform/android-ndk-r25b/toolchains/llvm/prebuilt/linux-x86_64/sysroot -g -DANDROID -fdata-sections -ffunction-sections -funwind-tables -fstack-protector-strong -no-canonical-prefixes -D_FORTIFY_SOURCE=2 -march=armv7-a -mthumb -Wformat -Werror=format-security   -static-libstdc++ -Wl,--build-id=sha1 -Wl,--no-rosegment -Wl,--fatal-warnings -Wl,--gc-sections -Wl,--no-undefined -Qunused-arguments -Wl,--gc-sections   CMakeFiles/cmTC_017ec.dir/SIZE_T.c.o -o cmTC_017ec  -latomic -lm 
make[1]: Leaving directory '/home/astucieux/Documents/py/flashcard/.buildozer/android/platform/build-arm64-v8a_armeabi-v7a/build/other_builds/jpeg/armeabi-v7a__ndk_target_21/jpeg/CMakeFiles/CMakeScratch/TryCompile-j7zVMQ'



Determining size of unsigned long passed with the following output:
Change Dir: /home/astucieux/Documents/py/flashcard/.buildozer/android/platform/build-arm64-v8a_armeabi-v7a/build/other_builds/jpeg/armeabi-v7a__ndk_target_21/jpeg/CMakeFiles/CMakeScratch/TryCompile-ja46ox

Run Build Command(s):/usr/bin/gmake -f Makefile cmTC_923d4/fast && make -j20  -f CMakeFiles/cmTC_923d4.dir/build.make CMakeFiles/cmTC_923d4.dir/build
make[1]: Entering directory '/home/astucieux/Documents/py/flashcard/.buildozer/android/platform/build-arm64-v8a_armeabi-v7a/build/other_builds/jpeg/armeabi-v7a__ndk_target_21/jpeg/CMakeFiles/CMakeScratch/TryCompile-ja46ox'
Building C object CMakeFiles/cmTC_923d4.dir/UNSIGNED_LONG.c.o
/home/astucieux/.buildozer/android/platform/android-ndk-r25b/toolchains/llvm/prebuilt/linux-x86_64/bin/clang --target=armv7-none-linux-androideabi19 --sysroot=/home/astucieux/.buildozer/android/platform/android-ndk-r25b/toolchains/llvm/prebuilt/linux-x86_64/sysroot   -g -DANDROID -fdata-sections -ffunction-sections -funwind-tables -fstack-protector-strong -no-canonical-prefixes -D_FORTIFY_SOURCE=2 -march=armv7-a -mthumb -Wformat -Werror=format-security   -fPIE -MD -MT CMakeFiles/cmTC_923d4.dir/UNSIGNED_LONG.c.o -MF CMakeFiles/cmTC_923d4.dir/UNSIGNED_LONG.c.o.d -o CMakeFiles/cmTC_923d4.dir/UNSIGNED_LONG.c.o -c /home/astucieux/Documents/py/flashcard/.buildozer/android/platform/build-arm64-v8a_armeabi-v7a/build/other_builds/jpeg/armeabi-v7a__ndk_target_21/jpeg/CMakeFiles/CMakeScratch/TryCompile-ja46ox/UNSIGNED_LONG.c
Linking C executable cmTC_923d4
/usr/bin/cmake -E cmake_link_script CMakeFiles/cmTC_923d4.dir/link.txt --verbose=1
/home/astucieux/.buildozer/android/platform/android-ndk-r25b/toolchains/llvm/prebuilt/linux-x86_64/bin/clang --target=armv7-none-linux-androideabi19 --sysroot=/home/astucieux/.buildozer/android/platform/android-ndk-r25b/toolchains/llvm/prebuilt/linux-x86_64/sysroot -g -DANDROID -fdata-sections -ffunction-sections -funwind-tables -fstack-protector-strong -no-canonical-prefixes -D_FORTIFY_SOURCE=2 -march=armv7-a -mthumb -Wformat -Werror=format-security   -static-libstdc++ -Wl,--build-id=sha1 -Wl,--no-rosegment -Wl,--fatal-warnings -Wl,--gc-sections -Wl,--no-undefined -Qunused-arguments -Wl,--gc-sections   CMakeFiles/cmTC_923d4.dir/UNSIGNED_LONG.c.o -o cmTC_923d4  -latomic -lm 
make[1]: Leaving directory '/home/astucieux/Documents/py/flashcard/.buildozer/android/platform/build-arm64-v8a_armeabi-v7a/build/other_builds/jpeg/armeabi-v7a__ndk_target_21/jpeg/CMakeFiles/CMakeScratch/TryCompile-ja46ox'



Performing C SOURCE FILE Test HAVE_BUILTIN_CTZL succeeded with the following output:
Change Dir: /home/astucieux/Documents/py/flashcard/.buildozer/android/platform/build-arm64-v8a_armeabi-v7a/build/other_builds/jpeg/armeabi-v7a__ndk_target_21/jpeg/CMakeFiles/CMakeScratch/TryCompile-BZSvm4

Run Build Command(s):/usr/bin/gmake -f Makefile cmTC_cec69/fast && make -j20  -f CMakeFiles/cmTC_cec69.dir/build.make CMakeFiles/cmTC_cec69.dir/build
make[1]: Entering directory '/home/astucieux/Documents/py/flashcard/.buildozer/android/platform/build-arm64-v8a_armeabi-v7a/build/other_builds/jpeg/armeabi-v7a__ndk_target_21/jpeg/CMakeFiles/CMakeScratch/TryCompile-BZSvm4'
Building C object CMakeFiles/cmTC_cec69.dir/src.c.o
/home/astucieux/.buildozer/android/platform/android-ndk-r25b/toolchains/llvm/prebuilt/linux-x86_64/bin/clang --target=armv7-none-linux-androideabi19 --sysroot=/home/astucieux/.buildozer/android/platform/android-ndk-r25b/toolchains/llvm/prebuilt/linux-x86_64/sysroot -DHAVE_BUILTIN_CTZL  -g -DANDROID -fdata-sections -ffunction-sections -funwind-tables -fstack-protector-strong -no-canonical-prefixes -D_FORTIFY_SOURCE=2 -march=armv7-a -mthumb -Wformat -Werror=format-security   -fPIE -MD -MT CMakeFiles/cmTC_cec69.dir/src.c.o -MF CMakeFiles/cmTC_cec69.dir/src.c.o.d -o CMakeFiles/cmTC_cec69.dir/src.c.o -c /home/astucieux/Documents/py/flashcard/.buildozer/android/platform/build-arm64-v8a_armeabi-v7a/build/other_builds/jpeg/armeabi-v7a__ndk_target_21/jpeg/CMakeFiles/CMakeScratch/TryCompile-BZSvm4/src.c
Linking C executable cmTC_cec69
/usr/bin/cmake -E cmake_link_script CMakeFiles/cmTC_cec69.dir/link.txt --verbose=1
/home/astucieux/.buildozer/android/platform/android-ndk-r25b/toolchains/llvm/prebuilt/linux-x86_64/bin/clang --target=armv7-none-linux-androideabi19 --sysroot=/home/astucieux/.buildozer/android/platform/android-ndk-r25b/toolchains/llvm/prebuilt/linux-x86_64/sysroot -g -DANDROID -fdata-sections -ffunction-sections -funwind-tables -fstack-protector-strong -no-canonical-prefixes -D_FORTIFY_SOURCE=2 -march=armv7-a -mthumb -Wformat -Werror=format-security   -static-libstdc++ -Wl,--build-id=sha1 -Wl,--no-rosegment -Wl,--fatal-warnings -Wl,--gc-sections -Wl,--no-undefined -Qunused-arguments -Wl,--gc-sections   CMakeFiles/cmTC_cec69.dir/src.c.o -o cmTC_cec69  -latomic -lm 
make[1]: Leaving directory '/home/astucieux/Documents/py/flashcard/.buildozer/android/platform/build-arm64-v8a_armeabi-v7a/build/other_builds/jpeg/armeabi-v7a__ndk_target_21/jpeg/CMakeFiles/CMakeScratch/TryCompile-BZSvm4'


Source file was:
int main(int argc, char **argv) { unsigned long a = argc;  return __builtin_ctzl(a); }

Determining if files locale.h exist passed with the following output:
Change Dir: /home/astucieux/Documents/py/flashcard/.buildozer/android/platform/build-arm64-v8a_armeabi-v7a/build/other_builds/jpeg/armeabi-v7a__ndk_target_21/jpeg/CMakeFiles/CMakeScratch/TryCompile-Z9qhCP

Run Build Command(s):/usr/bin/gmake -f Makefile cmTC_d5b63/fast && make -j20  -f CMakeFiles/cmTC_d5b63.dir/build.make CMakeFiles/cmTC_d5b63.dir/build
make[1]: Entering directory '/home/astucieux/Documents/py/flashcard/.buildozer/android/platform/build-arm64-v8a_armeabi-v7a/build/other_builds/jpeg/armeabi-v7a__ndk_target_21/jpeg/CMakeFiles/CMakeScratch/TryCompile-Z9qhCP'
Building C object CMakeFiles/cmTC_d5b63.dir/HAVE_LOCALE_H.c.o
/home/astucieux/.buildozer/android/platform/android-ndk-r25b/toolchains/llvm/prebuilt/linux-x86_64/bin/clang --target=armv7-none-linux-androideabi19 --sysroot=/home/astucieux/.buildozer/android/platform/android-ndk-r25b/toolchains/llvm/prebuilt/linux-x86_64/sysroot   -g -DANDROID -fdata-sections -ffunction-sections -funwind-tables -fstack-protector-strong -no-canonical-prefixes -D_FORTIFY_SOURCE=2 -march=armv7-a -mthumb -Wformat -Werror=format-security   -fPIE -MD -MT CMakeFiles/cmTC_d5b63.dir/HAVE_LOCALE_H.c.o -MF CMakeFiles/cmTC_d5b63.dir/HAVE_LOCALE_H.c.o.d -o CMakeFiles/cmTC_d5b63.dir/HAVE_LOCALE_H.c.o -c /home/astucieux/Documents/py/flashcard/.buildozer/android/platform/build-arm64-v8a_armeabi-v7a/build/other_builds/jpeg/armeabi-v7a__ndk_target_21/jpeg/CMakeFiles/CMakeScratch/TryCompile-Z9qhCP/HAVE_LOCALE_H.c
Linking C executable cmTC_d5b63
/usr/bin/cmake -E cmake_link_script CMakeFiles/cmTC_d5b63.dir/link.txt --verbose=1
/home/astucieux/.buildozer/android/platform/android-ndk-r25b/toolchains/llvm/prebuilt/linux-x86_64/bin/clang --target=armv7-none-linux-androideabi19 --sysroot=/home/astucieux/.buildozer/android/platform/android-ndk-r25b/toolchains/llvm/prebuilt/linux-x86_64/sysroot -g -DANDROID -fdata-sections -ffunction-sections -funwind-tables -fstack-protector-strong -no-canonical-prefixes -D_FORTIFY_SOURCE=2 -march=armv7-a -mthumb -Wformat -Werror=format-security   -static-libstdc++ -Wl,--build-id=sha1 -Wl,--no-rosegment -Wl,--fatal-warnings -Wl,--gc-sections -Wl,--no-undefined -Qunused-arguments -Wl,--gc-sections   CMakeFiles/cmTC_d5b63.dir/HAVE_LOCALE_H.c.o -o cmTC_d5b63  -latomic -lm 
make[1]: Leaving directory '/home/astucieux/Documents/py/flashcard/.buildozer/android/platform/build-arm64-v8a_armeabi-v7a/build/other_builds/jpeg/armeabi-v7a__ndk_target_21/jpeg/CMakeFiles/CMakeScratch/TryCompile-Z9qhCP'



Determining if files stdlib.h exist passed with the following output:
Change Dir: /home/astucieux/Documents/py/flashcard/.buildozer/android/platform/build-arm64-v8a_armeabi-v7a/build/other_builds/jpeg/armeabi-v7a__ndk_target_21/jpeg/CMakeFiles/CMakeScratch/TryCompile-xHFS2G

Run Build Command(s):/usr/bin/gmake -f Makefile cmTC_8f8e3/fast && make -j20  -f CMakeFiles/cmTC_8f8e3.dir/build.make CMakeFiles/cmTC_8f8e3.dir/build
make[1]: Entering directory '/home/astucieux/Documents/py/flashcard/.buildozer/android/platform/build-arm64-v8a_armeabi-v7a/build/other_builds/jpeg/armeabi-v7a__ndk_target_21/jpeg/CMakeFiles/CMakeScratch/TryCompile-xHFS2G'
Building C object CMakeFiles/cmTC_8f8e3.dir/HAVE_STDLIB_H.c.o
/home/astucieux/.buildozer/android/platform/android-ndk-r25b/toolchains/llvm/prebuilt/linux-x86_64/bin/clang --target=armv7-none-linux-androideabi19 --sysroot=/home/astucieux/.buildozer/android/platform/android-ndk-r25b/toolchains/llvm/prebuilt/linux-x86_64/sysroot   -g -DANDROID -fdata-sections -ffunction-sections -funwind-tables -fstack-protector-strong -no-canonical-prefixes -D_FORTIFY_SOURCE=2 -march=armv7-a -mthumb -Wformat -Werror=format-security   -fPIE -MD -MT CMakeFiles/cmTC_8f8e3.dir/HAVE_STDLIB_H.c.o -MF CMakeFiles/cmTC_8f8e3.dir/HAVE_STDLIB_H.c.o.d -o CMakeFiles/cmTC_8f8e3.dir/HAVE_STDLIB_H.c.o -c /home/astucieux/Documents/py/flashcard/.buildozer/android/platform/build-arm64-v8a_armeabi-v7a/build/other_builds/jpeg/armeabi-v7a__ndk_target_21/jpeg/CMakeFiles/CMakeScratch/TryCompile-xHFS2G/HAVE_STDLIB_H.c
Linking C executable cmTC_8f8e3
/usr/bin/cmake -E cmake_link_script CMakeFiles/cmTC_8f8e3.dir/link.txt --verbose=1
/home/astucieux/.buildozer/android/platform/android-ndk-r25b/toolchains/llvm/prebuilt/linux-x86_64/bin/clang --target=armv7-none-linux-androideabi19 --sysroot=/home/astucieux/.buildozer/android/platform/android-ndk-r25b/toolchains/llvm/prebuilt/linux-x86_64/sysroot -g -DANDROID -fdata-sections -ffunction-sections -funwind-tables -fstack-protector-strong -no-canonical-prefixes -D_FORTIFY_SOURCE=2 -march=armv7-a -mthumb -Wformat -Werror=format-security   -static-libstdc++ -Wl,--build-id=sha1 -Wl,--no-rosegment -Wl,--fatal-warnings -Wl,--gc-sections -Wl,--no-undefined -Qunused-arguments -Wl,--gc-sections   CMakeFiles/cmTC_8f8e3.dir/HAVE_STDLIB_H.c.o -o cmTC_8f8e3  -latomic -lm 
make[1]: Leaving directory '/home/astucieux/Documents/py/flashcard/.buildozer/android/platform/build-arm64-v8a_armeabi-v7a/build/other_builds/jpeg/armeabi-v7a__ndk_target_21/jpeg/CMakeFiles/CMakeScratch/TryCompile-xHFS2G'



Determining if files sys/types.h exist passed with the following output:
Change Dir: /home/astucieux/Documents/py/flashcard/.buildozer/android/platform/build-arm64-v8a_armeabi-v7a/build/other_builds/jpeg/armeabi-v7a__ndk_target_21/jpeg/CMakeFiles/CMakeScratch/TryCompile-6KCqgK

Run Build Command(s):/usr/bin/gmake -f Makefile cmTC_86989/fast && make -j20  -f CMakeFiles/cmTC_86989.dir/build.make CMakeFiles/cmTC_86989.dir/build
make[1]: Entering directory '/home/astucieux/Documents/py/flashcard/.buildozer/android/platform/build-arm64-v8a_armeabi-v7a/build/other_builds/jpeg/armeabi-v7a__ndk_target_21/jpeg/CMakeFiles/CMakeScratch/TryCompile-6KCqgK'
Building C object CMakeFiles/cmTC_86989.dir/NEED_SYS_TYPES_H.c.o
/home/astucieux/.buildozer/android/platform/android-ndk-r25b/toolchains/llvm/prebuilt/linux-x86_64/bin/clang --target=armv7-none-linux-androideabi19 --sysroot=/home/astucieux/.buildozer/android/platform/android-ndk-r25b/toolchains/llvm/prebuilt/linux-x86_64/sysroot   -g -DANDROID -fdata-sections -ffunction-sections -funwind-tables -fstack-protector-strong -no-canonical-prefixes -D_FORTIFY_SOURCE=2 -march=armv7-a -mthumb -Wformat -Werror=format-security   -fPIE -MD -MT CMakeFiles/cmTC_86989.dir/NEED_SYS_TYPES_H.c.o -MF CMakeFiles/cmTC_86989.dir/NEED_SYS_TYPES_H.c.o.d -o CMakeFiles/cmTC_86989.dir/NEED_SYS_TYPES_H.c.o -c /home/astucieux/Documents/py/flashcard/.buildozer/android/platform/build-arm64-v8a_armeabi-v7a/build/other_builds/jpeg/armeabi-v7a__ndk_target_21/jpeg/CMakeFiles/CMakeScratch/TryCompile-6KCqgK/NEED_SYS_TYPES_H.c
Linking C executable cmTC_86989
/usr/bin/cmake -E cmake_link_script CMakeFiles/cmTC_86989.dir/link.txt --verbose=1
/home/astucieux/.buildozer/android/platform/android-ndk-r25b/toolchains/llvm/prebuilt/linux-x86_64/bin/clang --target=armv7-none-linux-androideabi19 --sysroot=/home/astucieux/.buildozer/android/platform/android-ndk-r25b/toolchains/llvm/prebuilt/linux-x86_64/sysroot -g -DANDROID -fdata-sections -ffunction-sections -funwind-tables -fstack-protector-strong -no-canonical-prefixes -D_FORTIFY_SOURCE=2 -march=armv7-a -mthumb -Wformat -Werror=format-security   -static-libstdc++ -Wl,--build-id=sha1 -Wl,--no-rosegment -Wl,--fatal-warnings -Wl,--gc-sections -Wl,--no-undefined -Qunused-arguments -Wl,--gc-sections   CMakeFiles/cmTC_86989.dir/NEED_SYS_TYPES_H.c.o -o cmTC_86989  -latomic -lm 
make[1]: Leaving directory '/home/astucieux/Documents/py/flashcard/.buildozer/android/platform/build-arm64-v8a_armeabi-v7a/build/other_builds/jpeg/armeabi-v7a__ndk_target_21/jpeg/CMakeFiles/CMakeScratch/TryCompile-6KCqgK'



Determining if the memset exist passed with the following output:
Change Dir: /home/astucieux/Documents/py/flashcard/.buildozer/android/platform/build-arm64-v8a_armeabi-v7a/build/other_builds/jpeg/armeabi-v7a__ndk_target_21/jpeg/CMakeFiles/CMakeScratch/TryCompile-HCvZCJ

Run Build Command(s):/usr/bin/gmake -f Makefile cmTC_469e0/fast && make -j20  -f CMakeFiles/cmTC_469e0.dir/build.make CMakeFiles/cmTC_469e0.dir/build
make[1]: Entering directory '/home/astucieux/Documents/py/flashcard/.buildozer/android/platform/build-arm64-v8a_armeabi-v7a/build/other_builds/jpeg/armeabi-v7a__ndk_target_21/jpeg/CMakeFiles/CMakeScratch/TryCompile-HCvZCJ'
Building C object CMakeFiles/cmTC_469e0.dir/CheckSymbolExists.c.o
/home/astucieux/.buildozer/android/platform/android-ndk-r25b/toolchains/llvm/prebuilt/linux-x86_64/bin/clang --target=armv7-none-linux-androideabi19 --sysroot=/home/astucieux/.buildozer/android/platform/android-ndk-r25b/toolchains/llvm/prebuilt/linux-x86_64/sysroot   -g -DANDROID -fdata-sections -ffunction-sections -funwind-tables -fstack-protector-strong -no-canonical-prefixes -D_FORTIFY_SOURCE=2 -march=armv7-a -mthumb -Wformat   -fPIE -MD -MT CMakeFiles/cmTC_469e0.dir/CheckSymbolExists.c.o -MF CMakeFiles/cmTC_469e0.dir/CheckSymbolExists.c.o.d -o CMakeFiles/cmTC_469e0.dir/CheckSymbolExists.c.o -c /home/astucieux/Documents/py/flashcard/.buildozer/android/platform/build-arm64-v8a_armeabi-v7a/build/other_builds/jpeg/armeabi-v7a__ndk_target_21/jpeg/CMakeFiles/CMakeScratch/TryCompile-HCvZCJ/CheckSymbolExists.c
Linking C executable cmTC_469e0
/usr/bin/cmake -E cmake_link_script CMakeFiles/cmTC_469e0.dir/link.txt --verbose=1
/home/astucieux/.buildozer/android/platform/android-ndk-r25b/toolchains/llvm/prebuilt/linux-x86_64/bin/clang --target=armv7-none-linux-androideabi19 --sysroot=/home/astucieux/.buildozer/android/platform/android-ndk-r25b/toolchains/llvm/prebuilt/linux-x86_64/sysroot -g -DANDROID -fdata-sections -ffunction-sections -funwind-tables -fstack-protector-strong -no-canonical-prefixes -D_FORTIFY_SOURCE=2 -march=armv7-a -mthumb -Wformat   -static-libstdc++ -Wl,--build-id=sha1 -Wl,--no-rosegment -Wl,--fatal-warnings -Wl,--gc-sections -Wl,--no-undefined -Qunused-arguments -Wl,--gc-sections   CMakeFiles/cmTC_469e0.dir/CheckSymbolExists.c.o -o cmTC_469e0  -latomic -lm 
make[1]: Leaving directory '/home/astucieux/Documents/py/flashcard/.buildozer/android/platform/build-arm64-v8a_armeabi-v7a/build/other_builds/jpeg/armeabi-v7a__ndk_target_21/jpeg/CMakeFiles/CMakeScratch/TryCompile-HCvZCJ'


File CheckSymbolExists.c:
/* */
#include <string.h>

int main(int argc, char** argv)
{
  (void)argv;
#ifndef memset
  return ((int*)(&memset))[argc];
#else
  (void)argc;
  return 0;
#endif
}
Determining if the memcpy exist passed with the following output:
Change Dir: /home/astucieux/Documents/py/flashcard/.buildozer/android/platform/build-arm64-v8a_armeabi-v7a/build/other_builds/jpeg/armeabi-v7a__ndk_target_21/jpeg/CMakeFiles/CMakeScratch/TryCompile-2vjZZS

Run Build Command(s):/usr/bin/gmake -f Makefile cmTC_6a97c/fast && make -j20  -f CMakeFiles/cmTC_6a97c.dir/build.make CMakeFiles/cmTC_6a97c.dir/build
make[1]: Entering directory '/home/astucieux/Documents/py/flashcard/.buildozer/android/platform/build-arm64-v8a_armeabi-v7a/build/other_builds/jpeg/armeabi-v7a__ndk_target_21/jpeg/CMakeFiles/CMakeScratch/TryCompile-2vjZZS'
Building C object CMakeFiles/cmTC_6a97c.dir/CheckSymbolExists.c.o
/home/astucieux/.buildozer/android/platform/android-ndk-r25b/toolchains/llvm/prebuilt/linux-x86_64/bin/clang --target=armv7-none-linux-androideabi19 --sysroot=/home/astucieux/.buildozer/android/platform/android-ndk-r25b/toolchains/llvm/prebuilt/linux-x86_64/sysroot   -g -DANDROID -fdata-sections -ffunction-sections -funwind-tables -fstack-protector-strong -no-canonical-prefixes -D_FORTIFY_SOURCE=2 -march=armv7-a -mthumb -Wformat   -fPIE -MD -MT CMakeFiles/cmTC_6a97c.dir/CheckSymbolExists.c.o -MF CMakeFiles/cmTC_6a97c.dir/CheckSymbolExists.c.o.d -o CMakeFiles/cmTC_6a97c.dir/CheckSymbolExists.c.o -c /home/astucieux/Documents/py/flashcard/.buildozer/android/platform/build-arm64-v8a_armeabi-v7a/build/other_builds/jpeg/armeabi-v7a__ndk_target_21/jpeg/CMakeFiles/CMakeScratch/TryCompile-2vjZZS/CheckSymbolExists.c
Linking C executable cmTC_6a97c
/usr/bin/cmake -E cmake_link_script CMakeFiles/cmTC_6a97c.dir/link.txt --verbose=1
/home/astucieux/.buildozer/android/platform/android-ndk-r25b/toolchains/llvm/prebuilt/linux-x86_64/bin/clang --target=armv7-none-linux-androideabi19 --sysroot=/home/astucieux/.buildozer/android/platform/android-ndk-r25b/toolchains/llvm/prebuilt/linux-x86_64/sysroot -g -DANDROID -fdata-sections -ffunction-sections -funwind-tables -fstack-protector-strong -no-canonical-prefixes -D_FORTIFY_SOURCE=2 -march=armv7-a -mthumb -Wformat   -static-libstdc++ -Wl,--build-id=sha1 -Wl,--no-rosegment -Wl,--fatal-warnings -Wl,--gc-sections -Wl,--no-undefined -Qunused-arguments -Wl,--gc-sections   CMakeFiles/cmTC_6a97c.dir/CheckSymbolExists.c.o -o cmTC_6a97c  -latomic -lm 
make[1]: Leaving directory '/home/astucieux/Documents/py/flashcard/.buildozer/android/platform/build-arm64-v8a_armeabi-v7a/build/other_builds/jpeg/armeabi-v7a__ndk_target_21/jpeg/CMakeFiles/CMakeScratch/TryCompile-2vjZZS'


File CheckSymbolExists.c:
/* */
#include <string.h>

int main(int argc, char** argv)
{
  (void)argv;
#ifndef memcpy
  return ((int*)(&memcpy))[argc];
#else
  (void)argc;
  return 0;
#endif
}
Determining size of unsigned char passed with the following output:
Change Dir: /home/astucieux/Documents/py/flashcard/.buildozer/android/platform/build-arm64-v8a_armeabi-v7a/build/other_builds/jpeg/armeabi-v7a__ndk_target_21/jpeg/CMakeFiles/CMakeScratch/TryCompile-aJYRF4

Run Build Command(s):/usr/bin/gmake -f Makefile cmTC_720f1/fast && make -j20  -f CMakeFiles/cmTC_720f1.dir/build.make CMakeFiles/cmTC_720f1.dir/build
make[1]: Entering directory '/home/astucieux/Documents/py/flashcard/.buildozer/android/platform/build-arm64-v8a_armeabi-v7a/build/other_builds/jpeg/armeabi-v7a__ndk_target_21/jpeg/CMakeFiles/CMakeScratch/TryCompile-aJYRF4'
Building C object CMakeFiles/cmTC_720f1.dir/UNSIGNED_CHAR.c.o
/home/astucieux/.buildozer/android/platform/android-ndk-r25b/toolchains/llvm/prebuilt/linux-x86_64/bin/clang --target=armv7-none-linux-androideabi19 --sysroot=/home/astucieux/.buildozer/android/platform/android-ndk-r25b/toolchains/llvm/prebuilt/linux-x86_64/sysroot   -g -DANDROID -fdata-sections -ffunction-sections -funwind-tables -fstack-protector-strong -no-canonical-prefixes -D_FORTIFY_SOURCE=2 -march=armv7-a -mthumb -Wformat -Werror=format-security   -fPIE -MD -MT CMakeFiles/cmTC_720f1.dir/UNSIGNED_CHAR.c.o -MF CMakeFiles/cmTC_720f1.dir/UNSIGNED_CHAR.c.o.d -o CMakeFiles/cmTC_720f1.dir/UNSIGNED_CHAR.c.o -c /home/astucieux/Documents/py/flashcard/.buildozer/android/platform/build-arm64-v8a_armeabi-v7a/build/other_builds/jpeg/armeabi-v7a__ndk_target_21/jpeg/CMakeFiles/CMakeScratch/TryCompile-aJYRF4/UNSIGNED_CHAR.c
Linking C executable cmTC_720f1
/usr/bin/cmake -E cmake_link_script CMakeFiles/cmTC_720f1.dir/link.txt --verbose=1
/home/astucieux/.buildozer/android/platform/android-ndk-r25b/toolchains/llvm/prebuilt/linux-x86_64/bin/clang --target=armv7-none-linux-androideabi19 --sysroot=/home/astucieux/.buildozer/android/platform/android-ndk-r25b/toolchains/llvm/prebuilt/linux-x86_64/sysroot -g -DANDROID -fdata-sections -ffunction-sections -funwind-tables -fstack-protector-strong -no-canonical-prefixes -D_FORTIFY_SOURCE=2 -march=armv7-a -mthumb -Wformat -Werror=format-security   -static-libstdc++ -Wl,--build-id=sha1 -Wl,--no-rosegment -Wl,--fatal-warnings -Wl,--gc-sections -Wl,--no-undefined -Qunused-arguments -Wl,--gc-sections   CMakeFiles/cmTC_720f1.dir/UNSIGNED_CHAR.c.o -o cmTC_720f1  -latomic -lm 
make[1]: Leaving directory '/home/astucieux/Documents/py/flashcard/.buildozer/android/platform/build-arm64-v8a_armeabi-v7a/build/other_builds/jpeg/armeabi-v7a__ndk_target_21/jpeg/CMakeFiles/CMakeScratch/TryCompile-aJYRF4'



Determining size of unsigned short passed with the following output:
Change Dir: /home/astucieux/Documents/py/flashcard/.buildozer/android/platform/build-arm64-v8a_armeabi-v7a/build/other_builds/jpeg/armeabi-v7a__ndk_target_21/jpeg/CMakeFiles/CMakeScratch/TryCompile-gJqXxJ

Run Build Command(s):/usr/bin/gmake -f Makefile cmTC_f3398/fast && make -j20  -f CMakeFiles/cmTC_f3398.dir/build.make CMakeFiles/cmTC_f3398.dir/build
make[1]: Entering directory '/home/astucieux/Documents/py/flashcard/.buildozer/android/platform/build-arm64-v8a_armeabi-v7a/build/other_builds/jpeg/armeabi-v7a__ndk_target_21/jpeg/CMakeFiles/CMakeScratch/TryCompile-gJqXxJ'
Building C object CMakeFiles/cmTC_f3398.dir/UNSIGNED_SHORT.c.o
/home/astucieux/.buildozer/android/platform/android-ndk-r25b/toolchains/llvm/prebuilt/linux-x86_64/bin/clang --target=armv7-none-linux-androideabi19 --sysroot=/home/astucieux/.buildozer/android/platform/android-ndk-r25b/toolchains/llvm/prebuilt/linux-x86_64/sysroot   -g -DANDROID -fdata-sections -ffunction-sections -funwind-tables -fstack-protector-strong -no-canonical-prefixes -D_FORTIFY_SOURCE=2 -march=armv7-a -mthumb -Wformat -Werror=format-security   -fPIE -MD -MT CMakeFiles/cmTC_f3398.dir/UNSIGNED_SHORT.c.o -MF CMakeFiles/cmTC_f3398.dir/UNSIGNED_SHORT.c.o.d -o CMakeFiles/cmTC_f3398.dir/UNSIGNED_SHORT.c.o -c /home/astucieux/Documents/py/flashcard/.buildozer/android/platform/build-arm64-v8a_armeabi-v7a/build/other_builds/jpeg/armeabi-v7a__ndk_target_21/jpeg/CMakeFiles/CMakeScratch/TryCompile-gJqXxJ/UNSIGNED_SHORT.c
Linking C executable cmTC_f3398
/usr/bin/cmake -E cmake_link_script CMakeFiles/cmTC_f3398.dir/link.txt --verbose=1
/home/astucieux/.buildozer/android/platform/android-ndk-r25b/toolchains/llvm/prebuilt/linux-x86_64/bin/clang --target=armv7-none-linux-androideabi19 --sysroot=/home/astucieux/.buildozer/android/platform/android-ndk-r25b/toolchains/llvm/prebuilt/linux-x86_64/sysroot -g -DANDROID -fdata-sections -ffunction-sections -funwind-tables -fstack-protector-strong -no-canonical-prefixes -D_FORTIFY_SOURCE=2 -march=armv7-a -mthumb -Wformat -Werror=format-security   -static-libstdc++ -Wl,--build-id=sha1 -Wl,--no-rosegment -Wl,--fatal-warnings -Wl,--gc-sections -Wl,--no-undefined -Qunused-arguments -Wl,--gc-sections   CMakeFiles/cmTC_f3398.dir/UNSIGNED_SHORT.c.o -o cmTC_f3398  -latomic -lm 
make[1]: Leaving directory '/home/astucieux/Documents/py/flashcard/.buildozer/android/platform/build-arm64-v8a_armeabi-v7a/build/other_builds/jpeg/armeabi-v7a__ndk_target_21/jpeg/CMakeFiles/CMakeScratch/TryCompile-gJqXxJ'



Performing C SOURCE FILE Test INCOMPLETE_TYPES succeeded with the following output:
Change Dir: /home/astucieux/Documents/py/flashcard/.buildozer/android/platform/build-arm64-v8a_armeabi-v7a/build/other_builds/jpeg/armeabi-v7a__ndk_target_21/jpeg/CMakeFiles/CMakeScratch/TryCompile-XhmJ6p

Run Build Command(s):/usr/bin/gmake -f Makefile cmTC_7a0d7/fast && make -j20  -f CMakeFiles/cmTC_7a0d7.dir/build.make CMakeFiles/cmTC_7a0d7.dir/build
make[1]: Entering directory '/home/astucieux/Documents/py/flashcard/.buildozer/android/platform/build-arm64-v8a_armeabi-v7a/build/other_builds/jpeg/armeabi-v7a__ndk_target_21/jpeg/CMakeFiles/CMakeScratch/TryCompile-XhmJ6p'
Building C object CMakeFiles/cmTC_7a0d7.dir/src.c.o
/home/astucieux/.buildozer/android/platform/android-ndk-r25b/toolchains/llvm/prebuilt/linux-x86_64/bin/clang --target=armv7-none-linux-androideabi19 --sysroot=/home/astucieux/.buildozer/android/platform/android-ndk-r25b/toolchains/llvm/prebuilt/linux-x86_64/sysroot -DINCOMPLETE_TYPES  -g -DANDROID -fdata-sections -ffunction-sections -funwind-tables -fstack-protector-strong -no-canonical-prefixes -D_FORTIFY_SOURCE=2 -march=armv7-a -mthumb -Wformat -Werror=format-security   -fPIE -MD -MT CMakeFiles/cmTC_7a0d7.dir/src.c.o -MF CMakeFiles/cmTC_7a0d7.dir/src.c.o.d -o CMakeFiles/cmTC_7a0d7.dir/src.c.o -c /home/astucieux/Documents/py/flashcard/.buildozer/android/platform/build-arm64-v8a_armeabi-v7a/build/other_builds/jpeg/armeabi-v7a__ndk_target_21/jpeg/CMakeFiles/CMakeScratch/TryCompile-XhmJ6p/src.c
Linking C executable cmTC_7a0d7
/usr/bin/cmake -E cmake_link_script CMakeFiles/cmTC_7a0d7.dir/link.txt --verbose=1
/home/astucieux/.buildozer/android/platform/android-ndk-r25b/toolchains/llvm/prebuilt/linux-x86_64/bin/clang --target=armv7-none-linux-androideabi19 --sysroot=/home/astucieux/.buildozer/android/platform/android-ndk-r25b/toolchains/llvm/prebuilt/linux-x86_64/sysroot -g -DANDROID -fdata-sections -ffunction-sections -funwind-tables -fstack-protector-strong -no-canonical-prefixes -D_FORTIFY_SOURCE=2 -march=armv7-a -mthumb -Wformat -Werror=format-security   -static-libstdc++ -Wl,--build-id=sha1 -Wl,--no-rosegment -Wl,--fatal-warnings -Wl,--gc-sections -Wl,--no-undefined -Qunused-arguments -Wl,--gc-sections   CMakeFiles/cmTC_7a0d7.dir/src.c.o -o cmTC_7a0d7  -latomic -lm 
make[1]: Leaving directory '/home/astucieux/Documents/py/flashcard/.buildozer/android/platform/build-arm64-v8a_armeabi-v7a/build/other_builds/jpeg/armeabi-v7a__ndk_target_21/jpeg/CMakeFiles/CMakeScratch/TryCompile-XhmJ6p'


Source file was:
int main(void) { typedef struct undefined_structure *undef_struct_ptr;  undef_struct_ptr ptr = 0;  return ptr != 0; }

Performing C SOURCE FILE Test INLINE_WORKS succeeded with the following output:
Change Dir: /home/astucieux/Documents/py/flashcard/.buildozer/android/platform/build-arm64-v8a_armeabi-v7a/build/other_builds/jpeg/armeabi-v7a__ndk_target_21/jpeg/CMakeFiles/CMakeScratch/TryCompile-fgHFKN

Run Build Command(s):/usr/bin/gmake -f Makefile cmTC_b1710/fast && make -j20  -f CMakeFiles/cmTC_b1710.dir/build.make CMakeFiles/cmTC_b1710.dir/build
make[1]: Entering directory '/home/astucieux/Documents/py/flashcard/.buildozer/android/platform/build-arm64-v8a_armeabi-v7a/build/other_builds/jpeg/armeabi-v7a__ndk_target_21/jpeg/CMakeFiles/CMakeScratch/TryCompile-fgHFKN'
Building C object CMakeFiles/cmTC_b1710.dir/src.c.o
/home/astucieux/.buildozer/android/platform/android-ndk-r25b/toolchains/llvm/prebuilt/linux-x86_64/bin/clang --target=armv7-none-linux-androideabi19 --sysroot=/home/astucieux/.buildozer/android/platform/android-ndk-r25b/toolchains/llvm/prebuilt/linux-x86_64/sysroot -DINLINE_WORKS  -g -DANDROID -fdata-sections -ffunction-sections -funwind-tables -fstack-protector-strong -no-canonical-prefixes -D_FORTIFY_SOURCE=2 -march=armv7-a -mthumb -Wformat -Werror=format-security   -fPIE -MD -MT CMakeFiles/cmTC_b1710.dir/src.c.o -MF CMakeFiles/cmTC_b1710.dir/src.c.o.d -o CMakeFiles/cmTC_b1710.dir/src.c.o -c /home/astucieux/Documents/py/flashcard/.buildozer/android/platform/build-arm64-v8a_armeabi-v7a/build/other_builds/jpeg/armeabi-v7a__ndk_target_21/jpeg/CMakeFiles/CMakeScratch/TryCompile-fgHFKN/src.c
Linking C executable cmTC_b1710
/usr/bin/cmake -E cmake_link_script CMakeFiles/cmTC_b1710.dir/link.txt --verbose=1
/home/astucieux/.buildozer/android/platform/android-ndk-r25b/toolchains/llvm/prebuilt/linux-x86_64/bin/clang --target=armv7-none-linux-androideabi19 --sysroot=/home/astucieux/.buildozer/android/platform/android-ndk-r25b/toolchains/llvm/prebuilt/linux-x86_64/sysroot -g -DANDROID -fdata-sections -ffunction-sections -funwind-tables -fstack-protector-strong -no-canonical-prefixes -D_FORTIFY_SOURCE=2 -march=armv7-a -mthumb -Wformat -Werror=format-security   -static-libstdc++ -Wl,--build-id=sha1 -Wl,--no-rosegment -Wl,--fatal-warnings -Wl,--gc-sections -Wl,--no-undefined -Qunused-arguments -Wl,--gc-sections   CMakeFiles/cmTC_b1710.dir/src.c.o -o cmTC_b1710  -latomic -lm 
make[1]: Leaving directory '/home/astucieux/Documents/py/flashcard/.buildozer/android/platform/build-arm64-v8a_armeabi-v7a/build/other_builds/jpeg/armeabi-v7a__ndk_target_21/jpeg/CMakeFiles/CMakeScratch/TryCompile-fgHFKN'


Source file was:
__inline__ __attribute__((always_inline)) static int foo(void) { return 0; } int main(void) { return foo(); }

Performing C SOURCE FILE Test HAVE_VERSION_SCRIPT succeeded with the following output:
Change Dir: /home/astucieux/Documents/py/flashcard/.buildozer/android/platform/build-arm64-v8a_armeabi-v7a/build/other_builds/jpeg/armeabi-v7a__ndk_target_21/jpeg/CMakeFiles/CMakeScratch/TryCompile-BMm7qz

Run Build Command(s):/usr/bin/gmake -f Makefile cmTC_0eed3/fast && make -j20  -f CMakeFiles/cmTC_0eed3.dir/build.make CMakeFiles/cmTC_0eed3.dir/build
make[1]: Entering directory '/home/astucieux/Documents/py/flashcard/.buildozer/android/platform/build-arm64-v8a_armeabi-v7a/build/other_builds/jpeg/armeabi-v7a__ndk_target_21/jpeg/CMakeFiles/CMakeScratch/TryCompile-BMm7qz'
Building C object CMakeFiles/cmTC_0eed3.dir/src.c.o
/home/astucieux/.buildozer/android/platform/android-ndk-r25b/toolchains/llvm/prebuilt/linux-x86_64/bin/clang --target=armv7-none-linux-androideabi19 --sysroot=/home/astucieux/.buildozer/android/platform/android-ndk-r25b/toolchains/llvm/prebuilt/linux-x86_64/sysroot -DHAVE_VERSION_SCRIPT  -g -DANDROID -fdata-sections -ffunction-sections -funwind-tables -fstack-protector-strong -no-canonical-prefixes -D_FORTIFY_SOURCE=2 -march=armv7-a -mthumb -Wformat -Werror=format-security  -Wl,--version-script,/home/astucieux/Documents/py/flashcard/.buildozer/android/platform/build-arm64-v8a_armeabi-v7a/build/other_builds/jpeg/armeabi-v7a__ndk_target_21/jpeg/conftest.map -fPIE -MD -MT CMakeFiles/cmTC_0eed3.dir/src.c.o -MF CMakeFiles/cmTC_0eed3.dir/src.c.o.d -o CMakeFiles/cmTC_0eed3.dir/src.c.o -c /home/astucieux/Documents/py/flashcard/.buildozer/android/platform/build-arm64-v8a_armeabi-v7a/build/other_builds/jpeg/armeabi-v7a__ndk_target_21/jpeg/CMakeFiles/CMakeScratch/TryCompile-BMm7qz/src.c
clang: warning: -Wl,--version-script,/home/astucieux/Documents/py/flashcard/.buildozer/android/platform/build-arm64-v8a_armeabi-v7a/build/other_builds/jpeg/armeabi-v7a__ndk_target_21/jpeg/conftest.map: 'linker' input unused [-Wunused-command-line-argument]
Linking C executable cmTC_0eed3
/usr/bin/cmake -E cmake_link_script CMakeFiles/cmTC_0eed3.dir/link.txt --verbose=1
/home/astucieux/.buildozer/android/platform/android-ndk-r25b/toolchains/llvm/prebuilt/linux-x86_64/bin/clang --target=armv7-none-linux-androideabi19 --sysroot=/home/astucieux/.buildozer/android/platform/android-ndk-r25b/toolchains/llvm/prebuilt/linux-x86_64/sysroot -g -DANDROID -fdata-sections -ffunction-sections -funwind-tables -fstack-protector-strong -no-canonical-prefixes -D_FORTIFY_SOURCE=2 -march=armv7-a -mthumb -Wformat -Werror=format-security  -Wl,--version-script,/home/astucieux/Documents/py/flashcard/.buildozer/android/platform/build-arm64-v8a_armeabi-v7a/build/other_builds/jpeg/armeabi-v7a__ndk_target_21/jpeg/conftest.map -static-libstdc++ -Wl,--build-id=sha1 -Wl,--no-rosegment -Wl,--fatal-warnings -Wl,--gc-sections -Wl,--no-undefined -Qunused-arguments -Wl,--gc-sections   CMakeFiles/cmTC_0eed3.dir/src.c.o -o cmTC_0eed3  -latomic -lm 
make[1]: Leaving directory '/home/astucieux/Documents/py/flashcard/.buildozer/android/platform/build-arm64-v8a_armeabi-v7a/build/other_builds/jpeg/armeabi-v7a__ndk_target_21/jpeg/CMakeFiles/CMakeScratch/TryCompile-BMm7qz'


Source file was:
int main(void) { return 0; }

Checking whether the ASM compiler is Clang using "--version" matched "(clang version)":
Android (8490178, based on r450784d) clang version 14.0.6 (https://android.googlesource.com/toolchain/llvm-project 4c603efb0cca074e9238af8b4106c30add4418f6)
Target: x86_64-unknown-linux-gnu
Thread model: posix
InstalledDir: /home/astucieux/.buildozer/android/platform/android-ndk-r25b/toolchains/llvm/prebuilt/linux-x86_64/bin
