The target system is: Android - 1 - aarch64
The host system is: Linux - 6.1.0-34-amd64 - x86_64
Compiling the C compiler identification source file "CMakeCCompilerId.c" succeeded.
Compiler: /home/astucieux/.buildozer/android/platform/android-ndk-r25b/toolchains/llvm/prebuilt/linux-x86_64/bin/clang 
Build flags: -g;-DANDROID;-fdata-sections;-ffunction-sections;-funwind-tables;-fstack-protector-strong;-no-canonical-prefixes;-D_FORTIFY_SOURCE=2;-Wformat;-Werror=format-security;
Id flags: -c;--target=aarch64-none-linux-android21 

The output was:
0


Compilation of the C compiler identification source "CMakeCCompilerId.c" produced "CMakeCCompilerId.o"

The C compiler identification is Clang, found in "/home/astucieux/Documents/py/flashcard/.buildozer/android/platform/build-arm64-v8a_armeabi-v7a/build/other_builds/jpeg/arm64-v8a__ndk_target_21/jpeg/CMakeFiles/3.25.1/CompilerIdC/CMakeCCompilerId.o"

Detecting C compiler ABI info compiled with the following output:
Change Dir: /home/astucieux/Documents/py/flashcard/.buildozer/android/platform/build-arm64-v8a_armeabi-v7a/build/other_builds/jpeg/arm64-v8a__ndk_target_21/jpeg/CMakeFiles/CMakeScratch/TryCompile-RlCyEQ

Run Build Command(s):/usr/bin/gmake -f Makefile cmTC_3ebb9/fast && make -j20  -f CMakeFiles/cmTC_3ebb9.dir/build.make CMakeFiles/cmTC_3ebb9.dir/build
make[1]: Entering directory '/home/astucieux/Documents/py/flashcard/.buildozer/android/platform/build-arm64-v8a_armeabi-v7a/build/other_builds/jpeg/arm64-v8a__ndk_target_21/jpeg/CMakeFiles/CMakeScratch/TryCompile-RlCyEQ'
Building C object CMakeFiles/cmTC_3ebb9.dir/CMakeCCompilerABI.c.o
/home/astucieux/.buildozer/android/platform/android-ndk-r25b/toolchains/llvm/prebuilt/linux-x86_64/bin/clang --target=aarch64-none-linux-android21 --sysroot=/home/astucieux/.buildozer/android/platform/android-ndk-r25b/toolchains/llvm/prebuilt/linux-x86_64/sysroot   -g -DANDROID -fdata-sections -ffunction-sections -funwind-tables -fstack-protector-strong -no-canonical-prefixes -D_FORTIFY_SOURCE=2 -Wformat   -fPIE   -v -MD -MT CMakeFiles/cmTC_3ebb9.dir/CMakeCCompilerABI.c.o -MF CMakeFiles/cmTC_3ebb9.dir/CMakeCCompilerABI.c.o.d -o CMakeFiles/cmTC_3ebb9.dir/CMakeCCompilerABI.c.o -c /usr/share/cmake-3.25/Modules/CMakeCCompilerABI.c
Android (8490178, based on r450784d) clang version 14.0.6 (https://android.googlesource.com/toolchain/llvm-project 4c603efb0cca074e9238af8b4106c30add4418f6)
Target: aarch64-none-linux-android21
Thread model: posix
InstalledDir: /home/astucieux/.buildozer/android/platform/android-ndk-r25b/toolchains/llvm/prebuilt/linux-x86_64/bin
 (in-process)
 "/home/astucieux/.buildozer/android/platform/android-ndk-r25b/toolchains/llvm/prebuilt/linux-x86_64/bin/clang" -cc1 -triple aarch64-none-linux-android21 -emit-obj -mrelax-all --mrelax-relocations -disable-free -clear-ast-before-backend -disable-llvm-verifier -discard-value-names -main-file-name CMakeCCompilerABI.c -mrelocation-model pic -pic-level 2 -pic-is-pie -mframe-pointer=non-leaf -ffp-contract=on -fno-rounding-math -mconstructor-aliases -funwind-tables=2 -target-cpu generic -target-feature +neon -target-feature +v8a -target-feature +fix-cortex-a53-835769 -target-abi aapcs -fallow-half-arguments-and-returns -mllvm -treat-scalable-fixed-error-as-warning -debug-info-kind=constructor -dwarf-version=4 -debugger-tuning=gdb -v -ffunction-sections -fdata-sections -fcoverage-compilation-dir=/home/astucieux/Documents/py/flashcard/.buildozer/android/platform/build-arm64-v8a_armeabi-v7a/build/other_builds/jpeg/arm64-v8a__ndk_target_21/jpeg/CMakeFiles/CMakeScratch/TryCompile-RlCyEQ -resource-dir /home/astucieux/.buildozer/android/platform/android-ndk-r25b/toolchains/llvm/prebuilt/linux-x86_64/lib64/clang/14.0.6 -dependency-file CMakeFiles/cmTC_3ebb9.dir/CMakeCCompilerABI.c.o.d -MT CMakeFiles/cmTC_3ebb9.dir/CMakeCCompilerABI.c.o -sys-header-deps -D ANDROID -D _FORTIFY_SOURCE=2 -isysroot /home/astucieux/.buildozer/android/platform/android-ndk-r25b/toolchains/llvm/prebuilt/linux-x86_64/sysroot -internal-isystem /home/astucieux/.buildozer/android/platform/android-ndk-r25b/toolchains/llvm/prebuilt/linux-x86_64/lib64/clang/14.0.6/include -internal-isystem /home/astucieux/.buildozer/android/platform/android-ndk-r25b/toolchains/llvm/prebuilt/linux-x86_64/sysroot/usr/local/include -internal-externc-isystem /home/astucieux/.buildozer/android/platform/android-ndk-r25b/toolchains/llvm/prebuilt/linux-x86_64/sysroot/usr/include/aarch64-linux-android -internal-externc-isystem /home/astucieux/.buildozer/android/platform/android-ndk-r25b/toolchains/llvm/prebuilt/linux-x86_64/sysroot/include -internal-externc-isystem /home/astucieux/.buildozer/android/platform/android-ndk-r25b/toolchains/llvm/prebuilt/linux-x86_64/sysroot/usr/include -Wformat -fdebug-compilation-dir=/home/astucieux/Documents/py/flashcard/.buildozer/android/platform/build-arm64-v8a_armeabi-v7a/build/other_builds/jpeg/arm64-v8a__ndk_target_21/jpeg/CMakeFiles/CMakeScratch/TryCompile-RlCyEQ -ferror-limit 19 -stack-protector 2 -fno-signed-char -fgnuc-version=4.2.1 -target-feature +outline-atomics -D__GCC_HAVE_DWARF2_CFI_ASM=1 -o CMakeFiles/cmTC_3ebb9.dir/CMakeCCompilerABI.c.o -x c /usr/share/cmake-3.25/Modules/CMakeCCompilerABI.c
clang -cc1 version 14.0.6 based upon LLVM 14.0.6git default target x86_64-unknown-linux-gnu
ignoring nonexistent directory "/home/astucieux/.buildozer/android/platform/android-ndk-r25b/toolchains/llvm/prebuilt/linux-x86_64/sysroot/include"
#include "..." search starts here:
#include <...> search starts here:
 /home/astucieux/.buildozer/android/platform/android-ndk-r25b/toolchains/llvm/prebuilt/linux-x86_64/lib64/clang/14.0.6/include
 /home/astucieux/.buildozer/android/platform/android-ndk-r25b/toolchains/llvm/prebuilt/linux-x86_64/sysroot/usr/local/include
 /home/astucieux/.buildozer/android/platform/android-ndk-r25b/toolchains/llvm/prebuilt/linux-x86_64/sysroot/usr/include/aarch64-linux-android
 /home/astucieux/.buildozer/android/platform/android-ndk-r25b/toolchains/llvm/prebuilt/linux-x86_64/sysroot/usr/include
End of search list.
Linking C executable cmTC_3ebb9
/usr/bin/cmake -E cmake_link_script CMakeFiles/cmTC_3ebb9.dir/link.txt --verbose=1
/home/astucieux/.buildozer/android/platform/android-ndk-r25b/toolchains/llvm/prebuilt/linux-x86_64/bin/clang --target=aarch64-none-linux-android21 --sysroot=/home/astucieux/.buildozer/android/platform/android-ndk-r25b/toolchains/llvm/prebuilt/linux-x86_64/sysroot -g -DANDROID -fdata-sections -ffunction-sections -funwind-tables -fstack-protector-strong -no-canonical-prefixes -D_FORTIFY_SOURCE=2 -Wformat   -static-libstdc++ -Wl,--build-id=sha1 -Wl,--no-rosegment -Wl,--fatal-warnings -Wl,--gc-sections -Wl,--no-undefined -Qunused-arguments -Wl,--gc-sections  -v CMakeFiles/cmTC_3ebb9.dir/CMakeCCompilerABI.c.o -o cmTC_3ebb9 
Android (8490178, based on r450784d) clang version 14.0.6 (https://android.googlesource.com/toolchain/llvm-project 4c603efb0cca074e9238af8b4106c30add4418f6)
Target: aarch64-none-linux-android21
Thread model: posix
InstalledDir: /home/astucieux/.buildozer/android/platform/android-ndk-r25b/toolchains/llvm/prebuilt/linux-x86_64/bin
 "/home/astucieux/.buildozer/android/platform/android-ndk-r25b/toolchains/llvm/prebuilt/linux-x86_64/bin/ld" --sysroot=/home/astucieux/.buildozer/android/platform/android-ndk-r25b/toolchains/llvm/prebuilt/linux-x86_64/sysroot -pie -EL --fix-cortex-a53-843419 --warn-shared-textrel -z now -z relro -z max-page-size=4096 --hash-style=both --enable-new-dtags --eh-frame-hdr -m aarch64linux -dynamic-linker /system/bin/linker64 -o cmTC_3ebb9 /home/astucieux/.buildozer/android/platform/android-ndk-r25b/toolchains/llvm/prebuilt/linux-x86_64/sysroot/usr/lib/aarch64-linux-android/21/crtbegin_dynamic.o -L/home/astucieux/.buildozer/android/platform/android-ndk-r25b/toolchains/llvm/prebuilt/linux-x86_64/lib64/clang/14.0.6/lib/linux/aarch64 -L/home/astucieux/.buildozer/android/platform/android-ndk-r25b/toolchains/llvm/prebuilt/linux-x86_64/sysroot/usr/lib/aarch64-linux-android/21 -L/home/astucieux/.buildozer/android/platform/android-ndk-r25b/toolchains/llvm/prebuilt/linux-x86_64/sysroot/usr/lib/aarch64-linux-android -L/home/astucieux/.buildozer/android/platform/android-ndk-r25b/toolchains/llvm/prebuilt/linux-x86_64/sysroot/usr/lib --build-id=sha1 --no-rosegment --fatal-warnings --gc-sections --no-undefined --gc-sections CMakeFiles/cmTC_3ebb9.dir/CMakeCCompilerABI.c.o /home/astucieux/.buildozer/android/platform/android-ndk-r25b/toolchains/llvm/prebuilt/linux-x86_64/lib64/clang/14.0.6/lib/linux/libclang_rt.builtins-aarch64-android.a -l:libunwind.a -ldl -lc /home/astucieux/.buildozer/android/platform/android-ndk-r25b/toolchains/llvm/prebuilt/linux-x86_64/lib64/clang/14.0.6/lib/linux/libclang_rt.builtins-aarch64-android.a -l:libunwind.a -ldl /home/astucieux/.buildozer/android/platform/android-ndk-r25b/toolchains/llvm/prebuilt/linux-x86_64/sysroot/usr/lib/aarch64-linux-android/21/crtend_android.o
make[1]: Leaving directory '/home/astucieux/Documents/py/flashcard/.buildozer/android/platform/build-arm64-v8a_armeabi-v7a/build/other_builds/jpeg/arm64-v8a__ndk_target_21/jpeg/CMakeFiles/CMakeScratch/TryCompile-RlCyEQ'



Parsed C implicit include dir info from above output: rv=done
  found start of include info
  found start of implicit include info
    add: [/home/astucieux/.buildozer/android/platform/android-ndk-r25b/toolchains/llvm/prebuilt/linux-x86_64/lib64/clang/14.0.6/include]
    add: [/home/astucieux/.buildozer/android/platform/android-ndk-r25b/toolchains/llvm/prebuilt/linux-x86_64/sysroot/usr/local/include]
    add: [/home/astucieux/.buildozer/android/platform/android-ndk-r25b/toolchains/llvm/prebuilt/linux-x86_64/sysroot/usr/include/aarch64-linux-android]
    add: [/home/astucieux/.buildozer/android/platform/android-ndk-r25b/toolchains/llvm/prebuilt/linux-x86_64/sysroot/usr/include]
  end of search list found
  collapse include dir [/home/astucieux/.buildozer/android/platform/android-ndk-r25b/toolchains/llvm/prebuilt/linux-x86_64/lib64/clang/14.0.6/include] ==> [/home/astucieux/.buildozer/android/platform/android-ndk-r25b/toolchains/llvm/prebuilt/linux-x86_64/lib64/clang/14.0.6/include]
  collapse include dir [/home/astucieux/.buildozer/android/platform/android-ndk-r25b/toolchains/llvm/prebuilt/linux-x86_64/sysroot/usr/local/include] ==> [/home/astucieux/.buildozer/android/platform/android-ndk-r25b/toolchains/llvm/prebuilt/linux-x86_64/sysroot/usr/local/include]
  collapse include dir [/home/astucieux/.buildozer/android/platform/android-ndk-r25b/toolchains/llvm/prebuilt/linux-x86_64/sysroot/usr/include/aarch64-linux-android] ==> [/home/astucieux/.buildozer/android/platform/android-ndk-r25b/toolchains/llvm/prebuilt/linux-x86_64/sysroot/usr/include/aarch64-linux-android]
  collapse include dir [/home/astucieux/.buildozer/android/platform/android-ndk-r25b/toolchains/llvm/prebuilt/linux-x86_64/sysroot/usr/include] ==> [/home/astucieux/.buildozer/android/platform/android-ndk-r25b/toolchains/llvm/prebuilt/linux-x86_64/sysroot/usr/include]
  implicit include dirs: [/home/astucieux/.buildozer/android/platform/android-ndk-r25b/toolchains/llvm/prebuilt/linux-x86_64/lib64/clang/14.0.6/include;/home/astucieux/.buildozer/android/platform/android-ndk-r25b/toolchains/llvm/prebuilt/linux-x86_64/sysroot/usr/local/include;/home/astucieux/.buildozer/android/platform/android-ndk-r25b/toolchains/llvm/prebuilt/linux-x86_64/sysroot/usr/include/aarch64-linux-android;/home/astucieux/.buildozer/android/platform/android-ndk-r25b/toolchains/llvm/prebuilt/linux-x86_64/sysroot/usr/include]


Parsed C implicit link information from above output:
  link line regex: [^( *|.*[/\])(ld\.lld|CMAKE_LINK_STARTFILE-NOTFOUND|([^/\]+-)?ld|collect2)[^/\]*( |$)]
  ignore line: [Change Dir: /home/astucieux/Documents/py/flashcard/.buildozer/android/platform/build-arm64-v8a_armeabi-v7a/build/other_builds/jpeg/arm64-v8a__ndk_target_21/jpeg/CMakeFiles/CMakeScratch/TryCompile-RlCyEQ]
  ignore line: []
  ignore line: [Run Build Command(s):/usr/bin/gmake -f Makefile cmTC_3ebb9/fast && make -j20  -f CMakeFiles/cmTC_3ebb9.dir/build.make CMakeFiles/cmTC_3ebb9.dir/build]
  ignore line: [make[1]: Entering directory '/home/astucieux/Documents/py/flashcard/.buildozer/android/platform/build-arm64-v8a_armeabi-v7a/build/other_builds/jpeg/arm64-v8a__ndk_target_21/jpeg/CMakeFiles/CMakeScratch/TryCompile-RlCyEQ']
  ignore line: [Building C object CMakeFiles/cmTC_3ebb9.dir/CMakeCCompilerABI.c.o]
  ignore line: [/home/astucieux/.buildozer/android/platform/android-ndk-r25b/toolchains/llvm/prebuilt/linux-x86_64/bin/clang --target=aarch64-none-linux-android21 --sysroot=/home/astucieux/.buildozer/android/platform/android-ndk-r25b/toolchains/llvm/prebuilt/linux-x86_64/sysroot   -g -DANDROID -fdata-sections -ffunction-sections -funwind-tables -fstack-protector-strong -no-canonical-prefixes -D_FORTIFY_SOURCE=2 -Wformat   -fPIE   -v -MD -MT CMakeFiles/cmTC_3ebb9.dir/CMakeCCompilerABI.c.o -MF CMakeFiles/cmTC_3ebb9.dir/CMakeCCompilerABI.c.o.d -o CMakeFiles/cmTC_3ebb9.dir/CMakeCCompilerABI.c.o -c /usr/share/cmake-3.25/Modules/CMakeCCompilerABI.c]
  ignore line: [Android (8490178  based on r450784d) clang version 14.0.6 (https://android.googlesource.com/toolchain/llvm-project 4c603efb0cca074e9238af8b4106c30add4418f6)]
  ignore line: [Target: aarch64-none-linux-android21]
  ignore line: [Thread model: posix]
  ignore line: [InstalledDir: /home/astucieux/.buildozer/android/platform/android-ndk-r25b/toolchains/llvm/prebuilt/linux-x86_64/bin]
  ignore line: [ (in-process)]
  ignore line: [ "/home/astucieux/.buildozer/android/platform/android-ndk-r25b/toolchains/llvm/prebuilt/linux-x86_64/bin/clang" -cc1 -triple aarch64-none-linux-android21 -emit-obj -mrelax-all --mrelax-relocations -disable-free -clear-ast-before-backend -disable-llvm-verifier -discard-value-names -main-file-name CMakeCCompilerABI.c -mrelocation-model pic -pic-level 2 -pic-is-pie -mframe-pointer=non-leaf -ffp-contract=on -fno-rounding-math -mconstructor-aliases -funwind-tables=2 -target-cpu generic -target-feature +neon -target-feature +v8a -target-feature +fix-cortex-a53-835769 -target-abi aapcs -fallow-half-arguments-and-returns -mllvm -treat-scalable-fixed-error-as-warning -debug-info-kind=constructor -dwarf-version=4 -debugger-tuning=gdb -v -ffunction-sections -fdata-sections -fcoverage-compilation-dir=/home/astucieux/Documents/py/flashcard/.buildozer/android/platform/build-arm64-v8a_armeabi-v7a/build/other_builds/jpeg/arm64-v8a__ndk_target_21/jpeg/CMakeFiles/CMakeScratch/TryCompile-RlCyEQ -resource-dir /home/astucieux/.buildozer/android/platform/android-ndk-r25b/toolchains/llvm/prebuilt/linux-x86_64/lib64/clang/14.0.6 -dependency-file CMakeFiles/cmTC_3ebb9.dir/CMakeCCompilerABI.c.o.d -MT CMakeFiles/cmTC_3ebb9.dir/CMakeCCompilerABI.c.o -sys-header-deps -D ANDROID -D _FORTIFY_SOURCE=2 -isysroot /home/astucieux/.buildozer/android/platform/android-ndk-r25b/toolchains/llvm/prebuilt/linux-x86_64/sysroot -internal-isystem /home/astucieux/.buildozer/android/platform/android-ndk-r25b/toolchains/llvm/prebuilt/linux-x86_64/lib64/clang/14.0.6/include -internal-isystem /home/astucieux/.buildozer/android/platform/android-ndk-r25b/toolchains/llvm/prebuilt/linux-x86_64/sysroot/usr/local/include -internal-externc-isystem /home/astucieux/.buildozer/android/platform/android-ndk-r25b/toolchains/llvm/prebuilt/linux-x86_64/sysroot/usr/include/aarch64-linux-android -internal-externc-isystem /home/astucieux/.buildozer/android/platform/android-ndk-r25b/toolchains/llvm/prebuilt/linux-x86_64/sysroot/include -internal-externc-isystem /home/astucieux/.buildozer/android/platform/android-ndk-r25b/toolchains/llvm/prebuilt/linux-x86_64/sysroot/usr/include -Wformat -fdebug-compilation-dir=/home/astucieux/Documents/py/flashcard/.buildozer/android/platform/build-arm64-v8a_armeabi-v7a/build/other_builds/jpeg/arm64-v8a__ndk_target_21/jpeg/CMakeFiles/CMakeScratch/TryCompile-RlCyEQ -ferror-limit 19 -stack-protector 2 -fno-signed-char -fgnuc-version=4.2.1 -target-feature +outline-atomics -D__GCC_HAVE_DWARF2_CFI_ASM=1 -o CMakeFiles/cmTC_3ebb9.dir/CMakeCCompilerABI.c.o -x c /usr/share/cmake-3.25/Modules/CMakeCCompilerABI.c]
  ignore line: [clang -cc1 version 14.0.6 based upon LLVM 14.0.6git default target x86_64-unknown-linux-gnu]
  ignore line: [ignoring nonexistent directory "/home/astucieux/.buildozer/android/platform/android-ndk-r25b/toolchains/llvm/prebuilt/linux-x86_64/sysroot/include"]
  ignore line: [#include "..." search starts here:]
  ignore line: [#include <...> search starts here:]
  ignore line: [ /home/astucieux/.buildozer/android/platform/android-ndk-r25b/toolchains/llvm/prebuilt/linux-x86_64/lib64/clang/14.0.6/include]
  ignore line: [ /home/astucieux/.buildozer/android/platform/android-ndk-r25b/toolchains/llvm/prebuilt/linux-x86_64/sysroot/usr/local/include]
  ignore line: [ /home/astucieux/.buildozer/android/platform/android-ndk-r25b/toolchains/llvm/prebuilt/linux-x86_64/sysroot/usr/include/aarch64-linux-android]
  ignore line: [ /home/astucieux/.buildozer/android/platform/android-ndk-r25b/toolchains/llvm/prebuilt/linux-x86_64/sysroot/usr/include]
  ignore line: [End of search list.]
  ignore line: [Linking C executable cmTC_3ebb9]
  ignore line: [/usr/bin/cmake -E cmake_link_script CMakeFiles/cmTC_3ebb9.dir/link.txt --verbose=1]
  ignore line: [/home/astucieux/.buildozer/android/platform/android-ndk-r25b/toolchains/llvm/prebuilt/linux-x86_64/bin/clang --target=aarch64-none-linux-android21 --sysroot=/home/astucieux/.buildozer/android/platform/android-ndk-r25b/toolchains/llvm/prebuilt/linux-x86_64/sysroot -g -DANDROID -fdata-sections -ffunction-sections -funwind-tables -fstack-protector-strong -no-canonical-prefixes -D_FORTIFY_SOURCE=2 -Wformat   -static-libstdc++ -Wl --build-id=sha1 -Wl --no-rosegment -Wl --fatal-warnings -Wl --gc-sections -Wl --no-undefined -Qunused-arguments -Wl --gc-sections  -v CMakeFiles/cmTC_3ebb9.dir/CMakeCCompilerABI.c.o -o cmTC_3ebb9 ]
  ignore line: [Android (8490178  based on r450784d) clang version 14.0.6 (https://android.googlesource.com/toolchain/llvm-project 4c603efb0cca074e9238af8b4106c30add4418f6)]
  ignore line: [Target: aarch64-none-linux-android21]
  ignore line: [Thread model: posix]
  ignore line: [InstalledDir: /home/astucieux/.buildozer/android/platform/android-ndk-r25b/toolchains/llvm/prebuilt/linux-x86_64/bin]
  link line: [ "/home/astucieux/.buildozer/android/platform/android-ndk-r25b/toolchains/llvm/prebuilt/linux-x86_64/bin/ld" --sysroot=/home/astucieux/.buildozer/android/platform/android-ndk-r25b/toolchains/llvm/prebuilt/linux-x86_64/sysroot -pie -EL --fix-cortex-a53-843419 --warn-shared-textrel -z now -z relro -z max-page-size=4096 --hash-style=both --enable-new-dtags --eh-frame-hdr -m aarch64linux -dynamic-linker /system/bin/linker64 -o cmTC_3ebb9 /home/astucieux/.buildozer/android/platform/android-ndk-r25b/toolchains/llvm/prebuilt/linux-x86_64/sysroot/usr/lib/aarch64-linux-android/21/crtbegin_dynamic.o -L/home/astucieux/.buildozer/android/platform/android-ndk-r25b/toolchains/llvm/prebuilt/linux-x86_64/lib64/clang/14.0.6/lib/linux/aarch64 -L/home/astucieux/.buildozer/android/platform/android-ndk-r25b/toolchains/llvm/prebuilt/linux-x86_64/sysroot/usr/lib/aarch64-linux-android/21 -L/home/astucieux/.buildozer/android/platform/android-ndk-r25b/toolchains/llvm/prebuilt/linux-x86_64/sysroot/usr/lib/aarch64-linux-android -L/home/astucieux/.buildozer/android/platform/android-ndk-r25b/toolchains/llvm/prebuilt/linux-x86_64/sysroot/usr/lib --build-id=sha1 --no-rosegment --fatal-warnings --gc-sections --no-undefined --gc-sections CMakeFiles/cmTC_3ebb9.dir/CMakeCCompilerABI.c.o /home/astucieux/.buildozer/android/platform/android-ndk-r25b/toolchains/llvm/prebuilt/linux-x86_64/lib64/clang/14.0.6/lib/linux/libclang_rt.builtins-aarch64-android.a -l:libunwind.a -ldl -lc /home/astucieux/.buildozer/android/platform/android-ndk-r25b/toolchains/llvm/prebuilt/linux-x86_64/lib64/clang/14.0.6/lib/linux/libclang_rt.builtins-aarch64-android.a -l:libunwind.a -ldl /home/astucieux/.buildozer/android/platform/android-ndk-r25b/toolchains/llvm/prebuilt/linux-x86_64/sysroot/usr/lib/aarch64-linux-android/21/crtend_android.o]
    arg [/home/astucieux/.buildozer/android/platform/android-ndk-r25b/toolchains/llvm/prebuilt/linux-x86_64/bin/ld] ==> ignore
    arg [--sysroot=/home/astucieux/.buildozer/android/platform/android-ndk-r25b/toolchains/llvm/prebuilt/linux-x86_64/sysroot] ==> ignore
    arg [-pie] ==> ignore
    arg [-EL] ==> ignore
    arg [--fix-cortex-a53-843419] ==> ignore
    arg [--warn-shared-textrel] ==> ignore
    arg [-znow] ==> ignore
    arg [-zrelro] ==> ignore
    arg [-zmax-page-size=4096] ==> ignore
    arg [--hash-style=both] ==> ignore
    arg [--enable-new-dtags] ==> ignore
    arg [--eh-frame-hdr] ==> ignore
    arg [-m] ==> ignore
    arg [aarch64linux] ==> ignore
    arg [-dynamic-linker] ==> ignore
    arg [/system/bin/linker64] ==> ignore
    arg [-o] ==> ignore
    arg [cmTC_3ebb9] ==> ignore
    arg [/home/astucieux/.buildozer/android/platform/android-ndk-r25b/toolchains/llvm/prebuilt/linux-x86_64/sysroot/usr/lib/aarch64-linux-android/21/crtbegin_dynamic.o] ==> obj [/home/astucieux/.buildozer/android/platform/android-ndk-r25b/toolchains/llvm/prebuilt/linux-x86_64/sysroot/usr/lib/aarch64-linux-android/21/crtbegin_dynamic.o]
    arg [-L/home/astucieux/.buildozer/android/platform/android-ndk-r25b/toolchains/llvm/prebuilt/linux-x86_64/lib64/clang/14.0.6/lib/linux/aarch64] ==> dir [/home/astucieux/.buildozer/android/platform/android-ndk-r25b/toolchains/llvm/prebuilt/linux-x86_64/lib64/clang/14.0.6/lib/linux/aarch64]
    arg [-L/home/astucieux/.buildozer/android/platform/android-ndk-r25b/toolchains/llvm/prebuilt/linux-x86_64/sysroot/usr/lib/aarch64-linux-android/21] ==> dir [/home/astucieux/.buildozer/android/platform/android-ndk-r25b/toolchains/llvm/prebuilt/linux-x86_64/sysroot/usr/lib/aarch64-linux-android/21]
    arg [-L/home/astucieux/.buildozer/android/platform/android-ndk-r25b/toolchains/llvm/prebuilt/linux-x86_64/sysroot/usr/lib/aarch64-linux-android] ==> dir [/home/astucieux/.buildozer/android/platform/android-ndk-r25b/toolchains/llvm/prebuilt/linux-x86_64/sysroot/usr/lib/aarch64-linux-android]
    arg [-L/home/astucieux/.buildozer/android/platform/android-ndk-r25b/toolchains/llvm/prebuilt/linux-x86_64/sysroot/usr/lib] ==> dir [/home/astucieux/.buildozer/android/platform/android-ndk-r25b/toolchains/llvm/prebuilt/linux-x86_64/sysroot/usr/lib]
    arg [--build-id=sha1] ==> ignore
    arg [--no-rosegment] ==> ignore
    arg [--fatal-warnings] ==> ignore
    arg [--gc-sections] ==> ignore
    arg [--no-undefined] ==> ignore
    arg [--gc-sections] ==> ignore
    arg [CMakeFiles/cmTC_3ebb9.dir/CMakeCCompilerABI.c.o] ==> ignore
    arg [/home/astucieux/.buildozer/android/platform/android-ndk-r25b/toolchains/llvm/prebuilt/linux-x86_64/lib64/clang/14.0.6/lib/linux/libclang_rt.builtins-aarch64-android.a] ==> lib [/home/astucieux/.buildozer/android/platform/android-ndk-r25b/toolchains/llvm/prebuilt/linux-x86_64/lib64/clang/14.0.6/lib/linux/libclang_rt.builtins-aarch64-android.a]
    arg [-l:libunwind.a] ==> lib [-l:libunwind.a]
    arg [-ldl] ==> lib [dl]
    arg [-lc] ==> lib [c]
    arg [/home/astucieux/.buildozer/android/platform/android-ndk-r25b/toolchains/llvm/prebuilt/linux-x86_64/lib64/clang/14.0.6/lib/linux/libclang_rt.builtins-aarch64-android.a] ==> lib [/home/astucieux/.buildozer/android/platform/android-ndk-r25b/toolchains/llvm/prebuilt/linux-x86_64/lib64/clang/14.0.6/lib/linux/libclang_rt.builtins-aarch64-android.a]
    arg [-l:libunwind.a] ==> lib [-l:libunwind.a]
    arg [-ldl] ==> lib [dl]
    arg [/home/astucieux/.buildozer/android/platform/android-ndk-r25b/toolchains/llvm/prebuilt/linux-x86_64/sysroot/usr/lib/aarch64-linux-android/21/crtend_android.o] ==> obj [/home/astucieux/.buildozer/android/platform/android-ndk-r25b/toolchains/llvm/prebuilt/linux-x86_64/sysroot/usr/lib/aarch64-linux-android/21/crtend_android.o]
  remove lib [/home/astucieux/.buildozer/android/platform/android-ndk-r25b/toolchains/llvm/prebuilt/linux-x86_64/lib64/clang/14.0.6/lib/linux/libclang_rt.builtins-aarch64-android.a]
  remove lib [/home/astucieux/.buildozer/android/platform/android-ndk-r25b/toolchains/llvm/prebuilt/linux-x86_64/lib64/clang/14.0.6/lib/linux/libclang_rt.builtins-aarch64-android.a]
  collapse library dir [/home/astucieux/.buildozer/android/platform/android-ndk-r25b/toolchains/llvm/prebuilt/linux-x86_64/lib64/clang/14.0.6/lib/linux/aarch64] ==> [/home/astucieux/.buildozer/android/platform/android-ndk-r25b/toolchains/llvm/prebuilt/linux-x86_64/lib64/clang/14.0.6/lib/linux/aarch64]
  collapse library dir [/home/astucieux/.buildozer/android/platform/android-ndk-r25b/toolchains/llvm/prebuilt/linux-x86_64/sysroot/usr/lib/aarch64-linux-android/21] ==> [/home/astucieux/.buildozer/android/platform/android-ndk-r25b/toolchains/llvm/prebuilt/linux-x86_64/sysroot/usr/lib/aarch64-linux-android/21]
  collapse library dir [/home/astucieux/.buildozer/android/platform/android-ndk-r25b/toolchains/llvm/prebuilt/linux-x86_64/sysroot/usr/lib/aarch64-linux-android] ==> [/home/astucieux/.buildozer/android/platform/android-ndk-r25b/toolchains/llvm/prebuilt/linux-x86_64/sysroot/usr/lib/aarch64-linux-android]
  collapse library dir [/home/astucieux/.buildozer/android/platform/android-ndk-r25b/toolchains/llvm/prebuilt/linux-x86_64/sysroot/usr/lib] ==> [/home/astucieux/.buildozer/android/platform/android-ndk-r25b/toolchains/llvm/prebuilt/linux-x86_64/sysroot/usr/lib]
  implicit libs: [-l:libunwind.a;dl;c;-l:libunwind.a;dl]
  implicit objs: [/home/astucieux/.buildozer/android/platform/android-ndk-r25b/toolchains/llvm/prebuilt/linux-x86_64/sysroot/usr/lib/aarch64-linux-android/21/crtbegin_dynamic.o;/home/astucieux/.buildozer/android/platform/android-ndk-r25b/toolchains/llvm/prebuilt/linux-x86_64/sysroot/usr/lib/aarch64-linux-android/21/crtend_android.o]
  implicit dirs: [/home/astucieux/.buildozer/android/platform/android-ndk-r25b/toolchains/llvm/prebuilt/linux-x86_64/lib64/clang/14.0.6/lib/linux/aarch64;/home/astucieux/.buildozer/android/platform/android-ndk-r25b/toolchains/llvm/prebuilt/linux-x86_64/sysroot/usr/lib/aarch64-linux-android/21;/home/astucieux/.buildozer/android/platform/android-ndk-r25b/toolchains/llvm/prebuilt/linux-x86_64/sysroot/usr/lib/aarch64-linux-android;/home/astucieux/.buildozer/android/platform/android-ndk-r25b/toolchains/llvm/prebuilt/linux-x86_64/sysroot/usr/lib]
  implicit fwks: []


Determining if the include file sys/types.h exists passed with the following output:
Change Dir: /home/astucieux/Documents/py/flashcard/.buildozer/android/platform/build-arm64-v8a_armeabi-v7a/build/other_builds/jpeg/arm64-v8a__ndk_target_21/jpeg/CMakeFiles/CMakeScratch/TryCompile-HqQnPp

Run Build Command(s):/usr/bin/gmake -f Makefile cmTC_be906/fast && make -j20  -f CMakeFiles/cmTC_be906.dir/build.make CMakeFiles/cmTC_be906.dir/build
make[1]: Entering directory '/home/astucieux/Documents/py/flashcard/.buildozer/android/platform/build-arm64-v8a_armeabi-v7a/build/other_builds/jpeg/arm64-v8a__ndk_target_21/jpeg/CMakeFiles/CMakeScratch/TryCompile-HqQnPp'
Building C object CMakeFiles/cmTC_be906.dir/CheckIncludeFile.c.o
/home/astucieux/.buildozer/android/platform/android-ndk-r25b/toolchains/llvm/prebuilt/linux-x86_64/bin/clang --target=aarch64-none-linux-android21 --sysroot=/home/astucieux/.buildozer/android/platform/android-ndk-r25b/toolchains/llvm/prebuilt/linux-x86_64/sysroot   -g -DANDROID -fdata-sections -ffunction-sections -funwind-tables -fstack-protector-strong -no-canonical-prefixes -D_FORTIFY_SOURCE=2 -Wformat -Werror=format-security   -fPIE -MD -MT CMakeFiles/cmTC_be906.dir/CheckIncludeFile.c.o -MF CMakeFiles/cmTC_be906.dir/CheckIncludeFile.c.o.d -o CMakeFiles/cmTC_be906.dir/CheckIncludeFile.c.o -c /home/astucieux/Documents/py/flashcard/.buildozer/android/platform/build-arm64-v8a_armeabi-v7a/build/other_builds/jpeg/arm64-v8a__ndk_target_21/jpeg/CMakeFiles/CMakeScratch/TryCompile-HqQnPp/CheckIncludeFile.c
Linking C executable cmTC_be906
/usr/bin/cmake -E cmake_link_script CMakeFiles/cmTC_be906.dir/link.txt --verbose=1
/home/astucieux/.buildozer/android/platform/android-ndk-r25b/toolchains/llvm/prebuilt/linux-x86_64/bin/clang --target=aarch64-none-linux-android21 --sysroot=/home/astucieux/.buildozer/android/platform/android-ndk-r25b/toolchains/llvm/prebuilt/linux-x86_64/sysroot -g -DANDROID -fdata-sections -ffunction-sections -funwind-tables -fstack-protector-strong -no-canonical-prefixes -D_FORTIFY_SOURCE=2 -Wformat -Werror=format-security   -static-libstdc++ -Wl,--build-id=sha1 -Wl,--no-rosegment -Wl,--fatal-warnings -Wl,--gc-sections -Wl,--no-undefined -Qunused-arguments -Wl,--gc-sections   CMakeFiles/cmTC_be906.dir/CheckIncludeFile.c.o -o cmTC_be906  -latomic -lm 
make[1]: Leaving directory '/home/astucieux/Documents/py/flashcard/.buildozer/android/platform/build-arm64-v8a_armeabi-v7a/build/other_builds/jpeg/arm64-v8a__ndk_target_21/jpeg/CMakeFiles/CMakeScratch/TryCompile-HqQnPp'



Determining if the include file stdint.h exists passed with the following output:
Change Dir: /home/astucieux/Documents/py/flashcard/.buildozer/android/platform/build-arm64-v8a_armeabi-v7a/build/other_builds/jpeg/arm64-v8a__ndk_target_21/jpeg/CMakeFiles/CMakeScratch/TryCompile-zefYpQ

Run Build Command(s):/usr/bin/gmake -f Makefile cmTC_2c412/fast && make -j20  -f CMakeFiles/cmTC_2c412.dir/build.make CMakeFiles/cmTC_2c412.dir/build
make[1]: Entering directory '/home/astucieux/Documents/py/flashcard/.buildozer/android/platform/build-arm64-v8a_armeabi-v7a/build/other_builds/jpeg/arm64-v8a__ndk_target_21/jpeg/CMakeFiles/CMakeScratch/TryCompile-zefYpQ'
Building C object CMakeFiles/cmTC_2c412.dir/CheckIncludeFile.c.o
/home/astucieux/.buildozer/android/platform/android-ndk-r25b/toolchains/llvm/prebuilt/linux-x86_64/bin/clang --target=aarch64-none-linux-android21 --sysroot=/home/astucieux/.buildozer/android/platform/android-ndk-r25b/toolchains/llvm/prebuilt/linux-x86_64/sysroot   -g -DANDROID -fdata-sections -ffunction-sections -funwind-tables -fstack-protector-strong -no-canonical-prefixes -D_FORTIFY_SOURCE=2 -Wformat -Werror=format-security   -fPIE -MD -MT CMakeFiles/cmTC_2c412.dir/CheckIncludeFile.c.o -MF CMakeFiles/cmTC_2c412.dir/CheckIncludeFile.c.o.d -o CMakeFiles/cmTC_2c412.dir/CheckIncludeFile.c.o -c /home/astucieux/Documents/py/flashcard/.buildozer/android/platform/build-arm64-v8a_armeabi-v7a/build/other_builds/jpeg/arm64-v8a__ndk_target_21/jpeg/CMakeFiles/CMakeScratch/TryCompile-zefYpQ/CheckIncludeFile.c
Linking C executable cmTC_2c412
/usr/bin/cmake -E cmake_link_script CMakeFiles/cmTC_2c412.dir/link.txt --verbose=1
/home/astucieux/.buildozer/android/platform/android-ndk-r25b/toolchains/llvm/prebuilt/linux-x86_64/bin/clang --target=aarch64-none-linux-android21 --sysroot=/home/astucieux/.buildozer/android/platform/android-ndk-r25b/toolchains/llvm/prebuilt/linux-x86_64/sysroot -g -DANDROID -fdata-sections -ffunction-sections -funwind-tables -fstack-protector-strong -no-canonical-prefixes -D_FORTIFY_SOURCE=2 -Wformat -Werror=format-security   -static-libstdc++ -Wl,--build-id=sha1 -Wl,--no-rosegment -Wl,--fatal-warnings -Wl,--gc-sections -Wl,--no-undefined -Qunused-arguments -Wl,--gc-sections   CMakeFiles/cmTC_2c412.dir/CheckIncludeFile.c.o -o cmTC_2c412  -latomic -lm 
make[1]: Leaving directory '/home/astucieux/Documents/py/flashcard/.buildozer/android/platform/build-arm64-v8a_armeabi-v7a/build/other_builds/jpeg/arm64-v8a__ndk_target_21/jpeg/CMakeFiles/CMakeScratch/TryCompile-zefYpQ'



Determining if the include file stddef.h exists passed with the following output:
Change Dir: /home/astucieux/Documents/py/flashcard/.buildozer/android/platform/build-arm64-v8a_armeabi-v7a/build/other_builds/jpeg/arm64-v8a__ndk_target_21/jpeg/CMakeFiles/CMakeScratch/TryCompile-2cB2J9

Run Build Command(s):/usr/bin/gmake -f Makefile cmTC_38aed/fast && make -j20  -f CMakeFiles/cmTC_38aed.dir/build.make CMakeFiles/cmTC_38aed.dir/build
make[1]: Entering directory '/home/astucieux/Documents/py/flashcard/.buildozer/android/platform/build-arm64-v8a_armeabi-v7a/build/other_builds/jpeg/arm64-v8a__ndk_target_21/jpeg/CMakeFiles/CMakeScratch/TryCompile-2cB2J9'
Building C object CMakeFiles/cmTC_38aed.dir/CheckIncludeFile.c.o
/home/astucieux/.buildozer/android/platform/android-ndk-r25b/toolchains/llvm/prebuilt/linux-x86_64/bin/clang --target=aarch64-none-linux-android21 --sysroot=/home/astucieux/.buildozer/android/platform/android-ndk-r25b/toolchains/llvm/prebuilt/linux-x86_64/sysroot   -g -DANDROID -fdata-sections -ffunction-sections -funwind-tables -fstack-protector-strong -no-canonical-prefixes -D_FORTIFY_SOURCE=2 -Wformat -Werror=format-security   -fPIE -MD -MT CMakeFiles/cmTC_38aed.dir/CheckIncludeFile.c.o -MF CMakeFiles/cmTC_38aed.dir/CheckIncludeFile.c.o.d -o CMakeFiles/cmTC_38aed.dir/CheckIncludeFile.c.o -c /home/astucieux/Documents/py/flashcard/.buildozer/android/platform/build-arm64-v8a_armeabi-v7a/build/other_builds/jpeg/arm64-v8a__ndk_target_21/jpeg/CMakeFiles/CMakeScratch/TryCompile-2cB2J9/CheckIncludeFile.c
Linking C executable cmTC_38aed
/usr/bin/cmake -E cmake_link_script CMakeFiles/cmTC_38aed.dir/link.txt --verbose=1
/home/astucieux/.buildozer/android/platform/android-ndk-r25b/toolchains/llvm/prebuilt/linux-x86_64/bin/clang --target=aarch64-none-linux-android21 --sysroot=/home/astucieux/.buildozer/android/platform/android-ndk-r25b/toolchains/llvm/prebuilt/linux-x86_64/sysroot -g -DANDROID -fdata-sections -ffunction-sections -funwind-tables -fstack-protector-strong -no-canonical-prefixes -D_FORTIFY_SOURCE=2 -Wformat -Werror=format-security   -static-libstdc++ -Wl,--build-id=sha1 -Wl,--no-rosegment -Wl,--fatal-warnings -Wl,--gc-sections -Wl,--no-undefined -Qunused-arguments -Wl,--gc-sections   CMakeFiles/cmTC_38aed.dir/CheckIncludeFile.c.o -o cmTC_38aed  -latomic -lm 
make[1]: Leaving directory '/home/astucieux/Documents/py/flashcard/.buildozer/android/platform/build-arm64-v8a_armeabi-v7a/build/other_builds/jpeg/arm64-v8a__ndk_target_21/jpeg/CMakeFiles/CMakeScratch/TryCompile-2cB2J9'



Determining size of size_t passed with the following output:
Change Dir: /home/astucieux/Documents/py/flashcard/.buildozer/android/platform/build-arm64-v8a_armeabi-v7a/build/other_builds/jpeg/arm64-v8a__ndk_target_21/jpeg/CMakeFiles/CMakeScratch/TryCompile-mR627g

Run Build Command(s):/usr/bin/gmake -f Makefile cmTC_8c941/fast && make -j20  -f CMakeFiles/cmTC_8c941.dir/build.make CMakeFiles/cmTC_8c941.dir/build
make[1]: Entering directory '/home/astucieux/Documents/py/flashcard/.buildozer/android/platform/build-arm64-v8a_armeabi-v7a/build/other_builds/jpeg/arm64-v8a__ndk_target_21/jpeg/CMakeFiles/CMakeScratch/TryCompile-mR627g'
Building C object CMakeFiles/cmTC_8c941.dir/SIZE_T.c.o
/home/astucieux/.buildozer/android/platform/android-ndk-r25b/toolchains/llvm/prebuilt/linux-x86_64/bin/clang --target=aarch64-none-linux-android21 --sysroot=/home/astucieux/.buildozer/android/platform/android-ndk-r25b/toolchains/llvm/prebuilt/linux-x86_64/sysroot   -g -DANDROID -fdata-sections -ffunction-sections -funwind-tables -fstack-protector-strong -no-canonical-prefixes -D_FORTIFY_SOURCE=2 -Wformat -Werror=format-security   -fPIE -MD -MT CMakeFiles/cmTC_8c941.dir/SIZE_T.c.o -MF CMakeFiles/cmTC_8c941.dir/SIZE_T.c.o.d -o CMakeFiles/cmTC_8c941.dir/SIZE_T.c.o -c /home/astucieux/Documents/py/flashcard/.buildozer/android/platform/build-arm64-v8a_armeabi-v7a/build/other_builds/jpeg/arm64-v8a__ndk_target_21/jpeg/CMakeFiles/CMakeScratch/TryCompile-mR627g/SIZE_T.c
Linking C executable cmTC_8c941
/usr/bin/cmake -E cmake_link_script CMakeFiles/cmTC_8c941.dir/link.txt --verbose=1
/home/astucieux/.buildozer/android/platform/android-ndk-r25b/toolchains/llvm/prebuilt/linux-x86_64/bin/clang --target=aarch64-none-linux-android21 --sysroot=/home/astucieux/.buildozer/android/platform/android-ndk-r25b/toolchains/llvm/prebuilt/linux-x86_64/sysroot -g -DANDROID -fdata-sections -ffunction-sections -funwind-tables -fstack-protector-strong -no-canonical-prefixes -D_FORTIFY_SOURCE=2 -Wformat -Werror=format-security   -static-libstdc++ -Wl,--build-id=sha1 -Wl,--no-rosegment -Wl,--fatal-warnings -Wl,--gc-sections -Wl,--no-undefined -Qunused-arguments -Wl,--gc-sections   CMakeFiles/cmTC_8c941.dir/SIZE_T.c.o -o cmTC_8c941  -latomic -lm 
make[1]: Leaving directory '/home/astucieux/Documents/py/flashcard/.buildozer/android/platform/build-arm64-v8a_armeabi-v7a/build/other_builds/jpeg/arm64-v8a__ndk_target_21/jpeg/CMakeFiles/CMakeScratch/TryCompile-mR627g'



Determining size of unsigned long passed with the following output:
Change Dir: /home/astucieux/Documents/py/flashcard/.buildozer/android/platform/build-arm64-v8a_armeabi-v7a/build/other_builds/jpeg/arm64-v8a__ndk_target_21/jpeg/CMakeFiles/CMakeScratch/TryCompile-ePRz7I

Run Build Command(s):/usr/bin/gmake -f Makefile cmTC_de578/fast && make -j20  -f CMakeFiles/cmTC_de578.dir/build.make CMakeFiles/cmTC_de578.dir/build
make[1]: Entering directory '/home/astucieux/Documents/py/flashcard/.buildozer/android/platform/build-arm64-v8a_armeabi-v7a/build/other_builds/jpeg/arm64-v8a__ndk_target_21/jpeg/CMakeFiles/CMakeScratch/TryCompile-ePRz7I'
Building C object CMakeFiles/cmTC_de578.dir/UNSIGNED_LONG.c.o
/home/astucieux/.buildozer/android/platform/android-ndk-r25b/toolchains/llvm/prebuilt/linux-x86_64/bin/clang --target=aarch64-none-linux-android21 --sysroot=/home/astucieux/.buildozer/android/platform/android-ndk-r25b/toolchains/llvm/prebuilt/linux-x86_64/sysroot   -g -DANDROID -fdata-sections -ffunction-sections -funwind-tables -fstack-protector-strong -no-canonical-prefixes -D_FORTIFY_SOURCE=2 -Wformat -Werror=format-security   -fPIE -MD -MT CMakeFiles/cmTC_de578.dir/UNSIGNED_LONG.c.o -MF CMakeFiles/cmTC_de578.dir/UNSIGNED_LONG.c.o.d -o CMakeFiles/cmTC_de578.dir/UNSIGNED_LONG.c.o -c /home/astucieux/Documents/py/flashcard/.buildozer/android/platform/build-arm64-v8a_armeabi-v7a/build/other_builds/jpeg/arm64-v8a__ndk_target_21/jpeg/CMakeFiles/CMakeScratch/TryCompile-ePRz7I/UNSIGNED_LONG.c
Linking C executable cmTC_de578
/usr/bin/cmake -E cmake_link_script CMakeFiles/cmTC_de578.dir/link.txt --verbose=1
/home/astucieux/.buildozer/android/platform/android-ndk-r25b/toolchains/llvm/prebuilt/linux-x86_64/bin/clang --target=aarch64-none-linux-android21 --sysroot=/home/astucieux/.buildozer/android/platform/android-ndk-r25b/toolchains/llvm/prebuilt/linux-x86_64/sysroot -g -DANDROID -fdata-sections -ffunction-sections -funwind-tables -fstack-protector-strong -no-canonical-prefixes -D_FORTIFY_SOURCE=2 -Wformat -Werror=format-security   -static-libstdc++ -Wl,--build-id=sha1 -Wl,--no-rosegment -Wl,--fatal-warnings -Wl,--gc-sections -Wl,--no-undefined -Qunused-arguments -Wl,--gc-sections   CMakeFiles/cmTC_de578.dir/UNSIGNED_LONG.c.o -o cmTC_de578  -latomic -lm 
make[1]: Leaving directory '/home/astucieux/Documents/py/flashcard/.buildozer/android/platform/build-arm64-v8a_armeabi-v7a/build/other_builds/jpeg/arm64-v8a__ndk_target_21/jpeg/CMakeFiles/CMakeScratch/TryCompile-ePRz7I'



Performing C SOURCE FILE Test HAVE_BUILTIN_CTZL succeeded with the following output:
Change Dir: /home/astucieux/Documents/py/flashcard/.buildozer/android/platform/build-arm64-v8a_armeabi-v7a/build/other_builds/jpeg/arm64-v8a__ndk_target_21/jpeg/CMakeFiles/CMakeScratch/TryCompile-Ua6swB

Run Build Command(s):/usr/bin/gmake -f Makefile cmTC_48582/fast && make -j20  -f CMakeFiles/cmTC_48582.dir/build.make CMakeFiles/cmTC_48582.dir/build
make[1]: Entering directory '/home/astucieux/Documents/py/flashcard/.buildozer/android/platform/build-arm64-v8a_armeabi-v7a/build/other_builds/jpeg/arm64-v8a__ndk_target_21/jpeg/CMakeFiles/CMakeScratch/TryCompile-Ua6swB'
Building C object CMakeFiles/cmTC_48582.dir/src.c.o
/home/astucieux/.buildozer/android/platform/android-ndk-r25b/toolchains/llvm/prebuilt/linux-x86_64/bin/clang --target=aarch64-none-linux-android21 --sysroot=/home/astucieux/.buildozer/android/platform/android-ndk-r25b/toolchains/llvm/prebuilt/linux-x86_64/sysroot -DHAVE_BUILTIN_CTZL  -g -DANDROID -fdata-sections -ffunction-sections -funwind-tables -fstack-protector-strong -no-canonical-prefixes -D_FORTIFY_SOURCE=2 -Wformat -Werror=format-security   -fPIE -MD -MT CMakeFiles/cmTC_48582.dir/src.c.o -MF CMakeFiles/cmTC_48582.dir/src.c.o.d -o CMakeFiles/cmTC_48582.dir/src.c.o -c /home/astucieux/Documents/py/flashcard/.buildozer/android/platform/build-arm64-v8a_armeabi-v7a/build/other_builds/jpeg/arm64-v8a__ndk_target_21/jpeg/CMakeFiles/CMakeScratch/TryCompile-Ua6swB/src.c
Linking C executable cmTC_48582
/usr/bin/cmake -E cmake_link_script CMakeFiles/cmTC_48582.dir/link.txt --verbose=1
/home/astucieux/.buildozer/android/platform/android-ndk-r25b/toolchains/llvm/prebuilt/linux-x86_64/bin/clang --target=aarch64-none-linux-android21 --sysroot=/home/astucieux/.buildozer/android/platform/android-ndk-r25b/toolchains/llvm/prebuilt/linux-x86_64/sysroot -g -DANDROID -fdata-sections -ffunction-sections -funwind-tables -fstack-protector-strong -no-canonical-prefixes -D_FORTIFY_SOURCE=2 -Wformat -Werror=format-security   -static-libstdc++ -Wl,--build-id=sha1 -Wl,--no-rosegment -Wl,--fatal-warnings -Wl,--gc-sections -Wl,--no-undefined -Qunused-arguments -Wl,--gc-sections   CMakeFiles/cmTC_48582.dir/src.c.o -o cmTC_48582  -latomic -lm 
make[1]: Leaving directory '/home/astucieux/Documents/py/flashcard/.buildozer/android/platform/build-arm64-v8a_armeabi-v7a/build/other_builds/jpeg/arm64-v8a__ndk_target_21/jpeg/CMakeFiles/CMakeScratch/TryCompile-Ua6swB'


Source file was:
int main(int argc, char **argv) { unsigned long a = argc;  return __builtin_ctzl(a); }

Determining if files locale.h exist passed with the following output:
Change Dir: /home/astucieux/Documents/py/flashcard/.buildozer/android/platform/build-arm64-v8a_armeabi-v7a/build/other_builds/jpeg/arm64-v8a__ndk_target_21/jpeg/CMakeFiles/CMakeScratch/TryCompile-gPljYM

Run Build Command(s):/usr/bin/gmake -f Makefile cmTC_a98af/fast && make -j20  -f CMakeFiles/cmTC_a98af.dir/build.make CMakeFiles/cmTC_a98af.dir/build
make[1]: Entering directory '/home/astucieux/Documents/py/flashcard/.buildozer/android/platform/build-arm64-v8a_armeabi-v7a/build/other_builds/jpeg/arm64-v8a__ndk_target_21/jpeg/CMakeFiles/CMakeScratch/TryCompile-gPljYM'
Building C object CMakeFiles/cmTC_a98af.dir/HAVE_LOCALE_H.c.o
/home/astucieux/.buildozer/android/platform/android-ndk-r25b/toolchains/llvm/prebuilt/linux-x86_64/bin/clang --target=aarch64-none-linux-android21 --sysroot=/home/astucieux/.buildozer/android/platform/android-ndk-r25b/toolchains/llvm/prebuilt/linux-x86_64/sysroot   -g -DANDROID -fdata-sections -ffunction-sections -funwind-tables -fstack-protector-strong -no-canonical-prefixes -D_FORTIFY_SOURCE=2 -Wformat -Werror=format-security   -fPIE -MD -MT CMakeFiles/cmTC_a98af.dir/HAVE_LOCALE_H.c.o -MF CMakeFiles/cmTC_a98af.dir/HAVE_LOCALE_H.c.o.d -o CMakeFiles/cmTC_a98af.dir/HAVE_LOCALE_H.c.o -c /home/astucieux/Documents/py/flashcard/.buildozer/android/platform/build-arm64-v8a_armeabi-v7a/build/other_builds/jpeg/arm64-v8a__ndk_target_21/jpeg/CMakeFiles/CMakeScratch/TryCompile-gPljYM/HAVE_LOCALE_H.c
Linking C executable cmTC_a98af
/usr/bin/cmake -E cmake_link_script CMakeFiles/cmTC_a98af.dir/link.txt --verbose=1
/home/astucieux/.buildozer/android/platform/android-ndk-r25b/toolchains/llvm/prebuilt/linux-x86_64/bin/clang --target=aarch64-none-linux-android21 --sysroot=/home/astucieux/.buildozer/android/platform/android-ndk-r25b/toolchains/llvm/prebuilt/linux-x86_64/sysroot -g -DANDROID -fdata-sections -ffunction-sections -funwind-tables -fstack-protector-strong -no-canonical-prefixes -D_FORTIFY_SOURCE=2 -Wformat -Werror=format-security   -static-libstdc++ -Wl,--build-id=sha1 -Wl,--no-rosegment -Wl,--fatal-warnings -Wl,--gc-sections -Wl,--no-undefined -Qunused-arguments -Wl,--gc-sections   CMakeFiles/cmTC_a98af.dir/HAVE_LOCALE_H.c.o -o cmTC_a98af  -latomic -lm 
make[1]: Leaving directory '/home/astucieux/Documents/py/flashcard/.buildozer/android/platform/build-arm64-v8a_armeabi-v7a/build/other_builds/jpeg/arm64-v8a__ndk_target_21/jpeg/CMakeFiles/CMakeScratch/TryCompile-gPljYM'



Determining if files stdlib.h exist passed with the following output:
Change Dir: /home/astucieux/Documents/py/flashcard/.buildozer/android/platform/build-arm64-v8a_armeabi-v7a/build/other_builds/jpeg/arm64-v8a__ndk_target_21/jpeg/CMakeFiles/CMakeScratch/TryCompile-9JmUee

Run Build Command(s):/usr/bin/gmake -f Makefile cmTC_7d532/fast && make -j20  -f CMakeFiles/cmTC_7d532.dir/build.make CMakeFiles/cmTC_7d532.dir/build
make[1]: Entering directory '/home/astucieux/Documents/py/flashcard/.buildozer/android/platform/build-arm64-v8a_armeabi-v7a/build/other_builds/jpeg/arm64-v8a__ndk_target_21/jpeg/CMakeFiles/CMakeScratch/TryCompile-9JmUee'
Building C object CMakeFiles/cmTC_7d532.dir/HAVE_STDLIB_H.c.o
/home/astucieux/.buildozer/android/platform/android-ndk-r25b/toolchains/llvm/prebuilt/linux-x86_64/bin/clang --target=aarch64-none-linux-android21 --sysroot=/home/astucieux/.buildozer/android/platform/android-ndk-r25b/toolchains/llvm/prebuilt/linux-x86_64/sysroot   -g -DANDROID -fdata-sections -ffunction-sections -funwind-tables -fstack-protector-strong -no-canonical-prefixes -D_FORTIFY_SOURCE=2 -Wformat -Werror=format-security   -fPIE -MD -MT CMakeFiles/cmTC_7d532.dir/HAVE_STDLIB_H.c.o -MF CMakeFiles/cmTC_7d532.dir/HAVE_STDLIB_H.c.o.d -o CMakeFiles/cmTC_7d532.dir/HAVE_STDLIB_H.c.o -c /home/astucieux/Documents/py/flashcard/.buildozer/android/platform/build-arm64-v8a_armeabi-v7a/build/other_builds/jpeg/arm64-v8a__ndk_target_21/jpeg/CMakeFiles/CMakeScratch/TryCompile-9JmUee/HAVE_STDLIB_H.c
Linking C executable cmTC_7d532
/usr/bin/cmake -E cmake_link_script CMakeFiles/cmTC_7d532.dir/link.txt --verbose=1
/home/astucieux/.buildozer/android/platform/android-ndk-r25b/toolchains/llvm/prebuilt/linux-x86_64/bin/clang --target=aarch64-none-linux-android21 --sysroot=/home/astucieux/.buildozer/android/platform/android-ndk-r25b/toolchains/llvm/prebuilt/linux-x86_64/sysroot -g -DANDROID -fdata-sections -ffunction-sections -funwind-tables -fstack-protector-strong -no-canonical-prefixes -D_FORTIFY_SOURCE=2 -Wformat -Werror=format-security   -static-libstdc++ -Wl,--build-id=sha1 -Wl,--no-rosegment -Wl,--fatal-warnings -Wl,--gc-sections -Wl,--no-undefined -Qunused-arguments -Wl,--gc-sections   CMakeFiles/cmTC_7d532.dir/HAVE_STDLIB_H.c.o -o cmTC_7d532  -latomic -lm 
make[1]: Leaving directory '/home/astucieux/Documents/py/flashcard/.buildozer/android/platform/build-arm64-v8a_armeabi-v7a/build/other_builds/jpeg/arm64-v8a__ndk_target_21/jpeg/CMakeFiles/CMakeScratch/TryCompile-9JmUee'



Determining if files sys/types.h exist passed with the following output:
Change Dir: /home/astucieux/Documents/py/flashcard/.buildozer/android/platform/build-arm64-v8a_armeabi-v7a/build/other_builds/jpeg/arm64-v8a__ndk_target_21/jpeg/CMakeFiles/CMakeScratch/TryCompile-5kbfr1

Run Build Command(s):/usr/bin/gmake -f Makefile cmTC_1c461/fast && make -j20  -f CMakeFiles/cmTC_1c461.dir/build.make CMakeFiles/cmTC_1c461.dir/build
make[1]: Entering directory '/home/astucieux/Documents/py/flashcard/.buildozer/android/platform/build-arm64-v8a_armeabi-v7a/build/other_builds/jpeg/arm64-v8a__ndk_target_21/jpeg/CMakeFiles/CMakeScratch/TryCompile-5kbfr1'
Building C object CMakeFiles/cmTC_1c461.dir/NEED_SYS_TYPES_H.c.o
/home/astucieux/.buildozer/android/platform/android-ndk-r25b/toolchains/llvm/prebuilt/linux-x86_64/bin/clang --target=aarch64-none-linux-android21 --sysroot=/home/astucieux/.buildozer/android/platform/android-ndk-r25b/toolchains/llvm/prebuilt/linux-x86_64/sysroot   -g -DANDROID -fdata-sections -ffunction-sections -funwind-tables -fstack-protector-strong -no-canonical-prefixes -D_FORTIFY_SOURCE=2 -Wformat -Werror=format-security   -fPIE -MD -MT CMakeFiles/cmTC_1c461.dir/NEED_SYS_TYPES_H.c.o -MF CMakeFiles/cmTC_1c461.dir/NEED_SYS_TYPES_H.c.o.d -o CMakeFiles/cmTC_1c461.dir/NEED_SYS_TYPES_H.c.o -c /home/astucieux/Documents/py/flashcard/.buildozer/android/platform/build-arm64-v8a_armeabi-v7a/build/other_builds/jpeg/arm64-v8a__ndk_target_21/jpeg/CMakeFiles/CMakeScratch/TryCompile-5kbfr1/NEED_SYS_TYPES_H.c
Linking C executable cmTC_1c461
/usr/bin/cmake -E cmake_link_script CMakeFiles/cmTC_1c461.dir/link.txt --verbose=1
/home/astucieux/.buildozer/android/platform/android-ndk-r25b/toolchains/llvm/prebuilt/linux-x86_64/bin/clang --target=aarch64-none-linux-android21 --sysroot=/home/astucieux/.buildozer/android/platform/android-ndk-r25b/toolchains/llvm/prebuilt/linux-x86_64/sysroot -g -DANDROID -fdata-sections -ffunction-sections -funwind-tables -fstack-protector-strong -no-canonical-prefixes -D_FORTIFY_SOURCE=2 -Wformat -Werror=format-security   -static-libstdc++ -Wl,--build-id=sha1 -Wl,--no-rosegment -Wl,--fatal-warnings -Wl,--gc-sections -Wl,--no-undefined -Qunused-arguments -Wl,--gc-sections   CMakeFiles/cmTC_1c461.dir/NEED_SYS_TYPES_H.c.o -o cmTC_1c461  -latomic -lm 
make[1]: Leaving directory '/home/astucieux/Documents/py/flashcard/.buildozer/android/platform/build-arm64-v8a_armeabi-v7a/build/other_builds/jpeg/arm64-v8a__ndk_target_21/jpeg/CMakeFiles/CMakeScratch/TryCompile-5kbfr1'



Determining if the memset exist passed with the following output:
Change Dir: /home/astucieux/Documents/py/flashcard/.buildozer/android/platform/build-arm64-v8a_armeabi-v7a/build/other_builds/jpeg/arm64-v8a__ndk_target_21/jpeg/CMakeFiles/CMakeScratch/TryCompile-UVFRaR

Run Build Command(s):/usr/bin/gmake -f Makefile cmTC_20181/fast && make -j20  -f CMakeFiles/cmTC_20181.dir/build.make CMakeFiles/cmTC_20181.dir/build
make[1]: Entering directory '/home/astucieux/Documents/py/flashcard/.buildozer/android/platform/build-arm64-v8a_armeabi-v7a/build/other_builds/jpeg/arm64-v8a__ndk_target_21/jpeg/CMakeFiles/CMakeScratch/TryCompile-UVFRaR'
Building C object CMakeFiles/cmTC_20181.dir/CheckSymbolExists.c.o
/home/astucieux/.buildozer/android/platform/android-ndk-r25b/toolchains/llvm/prebuilt/linux-x86_64/bin/clang --target=aarch64-none-linux-android21 --sysroot=/home/astucieux/.buildozer/android/platform/android-ndk-r25b/toolchains/llvm/prebuilt/linux-x86_64/sysroot   -g -DANDROID -fdata-sections -ffunction-sections -funwind-tables -fstack-protector-strong -no-canonical-prefixes -D_FORTIFY_SOURCE=2 -Wformat   -fPIE -MD -MT CMakeFiles/cmTC_20181.dir/CheckSymbolExists.c.o -MF CMakeFiles/cmTC_20181.dir/CheckSymbolExists.c.o.d -o CMakeFiles/cmTC_20181.dir/CheckSymbolExists.c.o -c /home/astucieux/Documents/py/flashcard/.buildozer/android/platform/build-arm64-v8a_armeabi-v7a/build/other_builds/jpeg/arm64-v8a__ndk_target_21/jpeg/CMakeFiles/CMakeScratch/TryCompile-UVFRaR/CheckSymbolExists.c
Linking C executable cmTC_20181
/usr/bin/cmake -E cmake_link_script CMakeFiles/cmTC_20181.dir/link.txt --verbose=1
/home/astucieux/.buildozer/android/platform/android-ndk-r25b/toolchains/llvm/prebuilt/linux-x86_64/bin/clang --target=aarch64-none-linux-android21 --sysroot=/home/astucieux/.buildozer/android/platform/android-ndk-r25b/toolchains/llvm/prebuilt/linux-x86_64/sysroot -g -DANDROID -fdata-sections -ffunction-sections -funwind-tables -fstack-protector-strong -no-canonical-prefixes -D_FORTIFY_SOURCE=2 -Wformat   -static-libstdc++ -Wl,--build-id=sha1 -Wl,--no-rosegment -Wl,--fatal-warnings -Wl,--gc-sections -Wl,--no-undefined -Qunused-arguments -Wl,--gc-sections   CMakeFiles/cmTC_20181.dir/CheckSymbolExists.c.o -o cmTC_20181  -latomic -lm 
make[1]: Leaving directory '/home/astucieux/Documents/py/flashcard/.buildozer/android/platform/build-arm64-v8a_armeabi-v7a/build/other_builds/jpeg/arm64-v8a__ndk_target_21/jpeg/CMakeFiles/CMakeScratch/TryCompile-UVFRaR'


File CheckSymbolExists.c:
/* */
#include <string.h>

int main(int argc, char** argv)
{
  (void)argv;
#ifndef memset
  return ((int*)(&memset))[argc];
#else
  (void)argc;
  return 0;
#endif
}
Determining if the memcpy exist passed with the following output:
Change Dir: /home/astucieux/Documents/py/flashcard/.buildozer/android/platform/build-arm64-v8a_armeabi-v7a/build/other_builds/jpeg/arm64-v8a__ndk_target_21/jpeg/CMakeFiles/CMakeScratch/TryCompile-A1tTvO

Run Build Command(s):/usr/bin/gmake -f Makefile cmTC_080f3/fast && make -j20  -f CMakeFiles/cmTC_080f3.dir/build.make CMakeFiles/cmTC_080f3.dir/build
make[1]: Entering directory '/home/astucieux/Documents/py/flashcard/.buildozer/android/platform/build-arm64-v8a_armeabi-v7a/build/other_builds/jpeg/arm64-v8a__ndk_target_21/jpeg/CMakeFiles/CMakeScratch/TryCompile-A1tTvO'
Building C object CMakeFiles/cmTC_080f3.dir/CheckSymbolExists.c.o
/home/astucieux/.buildozer/android/platform/android-ndk-r25b/toolchains/llvm/prebuilt/linux-x86_64/bin/clang --target=aarch64-none-linux-android21 --sysroot=/home/astucieux/.buildozer/android/platform/android-ndk-r25b/toolchains/llvm/prebuilt/linux-x86_64/sysroot   -g -DANDROID -fdata-sections -ffunction-sections -funwind-tables -fstack-protector-strong -no-canonical-prefixes -D_FORTIFY_SOURCE=2 -Wformat   -fPIE -MD -MT CMakeFiles/cmTC_080f3.dir/CheckSymbolExists.c.o -MF CMakeFiles/cmTC_080f3.dir/CheckSymbolExists.c.o.d -o CMakeFiles/cmTC_080f3.dir/CheckSymbolExists.c.o -c /home/astucieux/Documents/py/flashcard/.buildozer/android/platform/build-arm64-v8a_armeabi-v7a/build/other_builds/jpeg/arm64-v8a__ndk_target_21/jpeg/CMakeFiles/CMakeScratch/TryCompile-A1tTvO/CheckSymbolExists.c
Linking C executable cmTC_080f3
/usr/bin/cmake -E cmake_link_script CMakeFiles/cmTC_080f3.dir/link.txt --verbose=1
/home/astucieux/.buildozer/android/platform/android-ndk-r25b/toolchains/llvm/prebuilt/linux-x86_64/bin/clang --target=aarch64-none-linux-android21 --sysroot=/home/astucieux/.buildozer/android/platform/android-ndk-r25b/toolchains/llvm/prebuilt/linux-x86_64/sysroot -g -DANDROID -fdata-sections -ffunction-sections -funwind-tables -fstack-protector-strong -no-canonical-prefixes -D_FORTIFY_SOURCE=2 -Wformat   -static-libstdc++ -Wl,--build-id=sha1 -Wl,--no-rosegment -Wl,--fatal-warnings -Wl,--gc-sections -Wl,--no-undefined -Qunused-arguments -Wl,--gc-sections   CMakeFiles/cmTC_080f3.dir/CheckSymbolExists.c.o -o cmTC_080f3  -latomic -lm 
make[1]: Leaving directory '/home/astucieux/Documents/py/flashcard/.buildozer/android/platform/build-arm64-v8a_armeabi-v7a/build/other_builds/jpeg/arm64-v8a__ndk_target_21/jpeg/CMakeFiles/CMakeScratch/TryCompile-A1tTvO'


File CheckSymbolExists.c:
/* */
#include <string.h>

int main(int argc, char** argv)
{
  (void)argv;
#ifndef memcpy
  return ((int*)(&memcpy))[argc];
#else
  (void)argc;
  return 0;
#endif
}
Determining size of unsigned char passed with the following output:
Change Dir: /home/astucieux/Documents/py/flashcard/.buildozer/android/platform/build-arm64-v8a_armeabi-v7a/build/other_builds/jpeg/arm64-v8a__ndk_target_21/jpeg/CMakeFiles/CMakeScratch/TryCompile-rvCVUp

Run Build Command(s):/usr/bin/gmake -f Makefile cmTC_2a2a1/fast && make -j20  -f CMakeFiles/cmTC_2a2a1.dir/build.make CMakeFiles/cmTC_2a2a1.dir/build
make[1]: Entering directory '/home/astucieux/Documents/py/flashcard/.buildozer/android/platform/build-arm64-v8a_armeabi-v7a/build/other_builds/jpeg/arm64-v8a__ndk_target_21/jpeg/CMakeFiles/CMakeScratch/TryCompile-rvCVUp'
Building C object CMakeFiles/cmTC_2a2a1.dir/UNSIGNED_CHAR.c.o
/home/astucieux/.buildozer/android/platform/android-ndk-r25b/toolchains/llvm/prebuilt/linux-x86_64/bin/clang --target=aarch64-none-linux-android21 --sysroot=/home/astucieux/.buildozer/android/platform/android-ndk-r25b/toolchains/llvm/prebuilt/linux-x86_64/sysroot   -g -DANDROID -fdata-sections -ffunction-sections -funwind-tables -fstack-protector-strong -no-canonical-prefixes -D_FORTIFY_SOURCE=2 -Wformat -Werror=format-security   -fPIE -MD -MT CMakeFiles/cmTC_2a2a1.dir/UNSIGNED_CHAR.c.o -MF CMakeFiles/cmTC_2a2a1.dir/UNSIGNED_CHAR.c.o.d -o CMakeFiles/cmTC_2a2a1.dir/UNSIGNED_CHAR.c.o -c /home/astucieux/Documents/py/flashcard/.buildozer/android/platform/build-arm64-v8a_armeabi-v7a/build/other_builds/jpeg/arm64-v8a__ndk_target_21/jpeg/CMakeFiles/CMakeScratch/TryCompile-rvCVUp/UNSIGNED_CHAR.c
Linking C executable cmTC_2a2a1
/usr/bin/cmake -E cmake_link_script CMakeFiles/cmTC_2a2a1.dir/link.txt --verbose=1
/home/astucieux/.buildozer/android/platform/android-ndk-r25b/toolchains/llvm/prebuilt/linux-x86_64/bin/clang --target=aarch64-none-linux-android21 --sysroot=/home/astucieux/.buildozer/android/platform/android-ndk-r25b/toolchains/llvm/prebuilt/linux-x86_64/sysroot -g -DANDROID -fdata-sections -ffunction-sections -funwind-tables -fstack-protector-strong -no-canonical-prefixes -D_FORTIFY_SOURCE=2 -Wformat -Werror=format-security   -static-libstdc++ -Wl,--build-id=sha1 -Wl,--no-rosegment -Wl,--fatal-warnings -Wl,--gc-sections -Wl,--no-undefined -Qunused-arguments -Wl,--gc-sections   CMakeFiles/cmTC_2a2a1.dir/UNSIGNED_CHAR.c.o -o cmTC_2a2a1  -latomic -lm 
make[1]: Leaving directory '/home/astucieux/Documents/py/flashcard/.buildozer/android/platform/build-arm64-v8a_armeabi-v7a/build/other_builds/jpeg/arm64-v8a__ndk_target_21/jpeg/CMakeFiles/CMakeScratch/TryCompile-rvCVUp'



Determining size of unsigned short passed with the following output:
Change Dir: /home/astucieux/Documents/py/flashcard/.buildozer/android/platform/build-arm64-v8a_armeabi-v7a/build/other_builds/jpeg/arm64-v8a__ndk_target_21/jpeg/CMakeFiles/CMakeScratch/TryCompile-sgI893

Run Build Command(s):/usr/bin/gmake -f Makefile cmTC_9381c/fast && make -j20  -f CMakeFiles/cmTC_9381c.dir/build.make CMakeFiles/cmTC_9381c.dir/build
make[1]: Entering directory '/home/astucieux/Documents/py/flashcard/.buildozer/android/platform/build-arm64-v8a_armeabi-v7a/build/other_builds/jpeg/arm64-v8a__ndk_target_21/jpeg/CMakeFiles/CMakeScratch/TryCompile-sgI893'
Building C object CMakeFiles/cmTC_9381c.dir/UNSIGNED_SHORT.c.o
/home/astucieux/.buildozer/android/platform/android-ndk-r25b/toolchains/llvm/prebuilt/linux-x86_64/bin/clang --target=aarch64-none-linux-android21 --sysroot=/home/astucieux/.buildozer/android/platform/android-ndk-r25b/toolchains/llvm/prebuilt/linux-x86_64/sysroot   -g -DANDROID -fdata-sections -ffunction-sections -funwind-tables -fstack-protector-strong -no-canonical-prefixes -D_FORTIFY_SOURCE=2 -Wformat -Werror=format-security   -fPIE -MD -MT CMakeFiles/cmTC_9381c.dir/UNSIGNED_SHORT.c.o -MF CMakeFiles/cmTC_9381c.dir/UNSIGNED_SHORT.c.o.d -o CMakeFiles/cmTC_9381c.dir/UNSIGNED_SHORT.c.o -c /home/astucieux/Documents/py/flashcard/.buildozer/android/platform/build-arm64-v8a_armeabi-v7a/build/other_builds/jpeg/arm64-v8a__ndk_target_21/jpeg/CMakeFiles/CMakeScratch/TryCompile-sgI893/UNSIGNED_SHORT.c
Linking C executable cmTC_9381c
/usr/bin/cmake -E cmake_link_script CMakeFiles/cmTC_9381c.dir/link.txt --verbose=1
/home/astucieux/.buildozer/android/platform/android-ndk-r25b/toolchains/llvm/prebuilt/linux-x86_64/bin/clang --target=aarch64-none-linux-android21 --sysroot=/home/astucieux/.buildozer/android/platform/android-ndk-r25b/toolchains/llvm/prebuilt/linux-x86_64/sysroot -g -DANDROID -fdata-sections -ffunction-sections -funwind-tables -fstack-protector-strong -no-canonical-prefixes -D_FORTIFY_SOURCE=2 -Wformat -Werror=format-security   -static-libstdc++ -Wl,--build-id=sha1 -Wl,--no-rosegment -Wl,--fatal-warnings -Wl,--gc-sections -Wl,--no-undefined -Qunused-arguments -Wl,--gc-sections   CMakeFiles/cmTC_9381c.dir/UNSIGNED_SHORT.c.o -o cmTC_9381c  -latomic -lm 
make[1]: Leaving directory '/home/astucieux/Documents/py/flashcard/.buildozer/android/platform/build-arm64-v8a_armeabi-v7a/build/other_builds/jpeg/arm64-v8a__ndk_target_21/jpeg/CMakeFiles/CMakeScratch/TryCompile-sgI893'



Performing C SOURCE FILE Test INCOMPLETE_TYPES succeeded with the following output:
Change Dir: /home/astucieux/Documents/py/flashcard/.buildozer/android/platform/build-arm64-v8a_armeabi-v7a/build/other_builds/jpeg/arm64-v8a__ndk_target_21/jpeg/CMakeFiles/CMakeScratch/TryCompile-aKOrFW

Run Build Command(s):/usr/bin/gmake -f Makefile cmTC_7c56b/fast && make -j20  -f CMakeFiles/cmTC_7c56b.dir/build.make CMakeFiles/cmTC_7c56b.dir/build
make[1]: Entering directory '/home/astucieux/Documents/py/flashcard/.buildozer/android/platform/build-arm64-v8a_armeabi-v7a/build/other_builds/jpeg/arm64-v8a__ndk_target_21/jpeg/CMakeFiles/CMakeScratch/TryCompile-aKOrFW'
Building C object CMakeFiles/cmTC_7c56b.dir/src.c.o
/home/astucieux/.buildozer/android/platform/android-ndk-r25b/toolchains/llvm/prebuilt/linux-x86_64/bin/clang --target=aarch64-none-linux-android21 --sysroot=/home/astucieux/.buildozer/android/platform/android-ndk-r25b/toolchains/llvm/prebuilt/linux-x86_64/sysroot -DINCOMPLETE_TYPES  -g -DANDROID -fdata-sections -ffunction-sections -funwind-tables -fstack-protector-strong -no-canonical-prefixes -D_FORTIFY_SOURCE=2 -Wformat -Werror=format-security   -fPIE -MD -MT CMakeFiles/cmTC_7c56b.dir/src.c.o -MF CMakeFiles/cmTC_7c56b.dir/src.c.o.d -o CMakeFiles/cmTC_7c56b.dir/src.c.o -c /home/astucieux/Documents/py/flashcard/.buildozer/android/platform/build-arm64-v8a_armeabi-v7a/build/other_builds/jpeg/arm64-v8a__ndk_target_21/jpeg/CMakeFiles/CMakeScratch/TryCompile-aKOrFW/src.c
Linking C executable cmTC_7c56b
/usr/bin/cmake -E cmake_link_script CMakeFiles/cmTC_7c56b.dir/link.txt --verbose=1
/home/astucieux/.buildozer/android/platform/android-ndk-r25b/toolchains/llvm/prebuilt/linux-x86_64/bin/clang --target=aarch64-none-linux-android21 --sysroot=/home/astucieux/.buildozer/android/platform/android-ndk-r25b/toolchains/llvm/prebuilt/linux-x86_64/sysroot -g -DANDROID -fdata-sections -ffunction-sections -funwind-tables -fstack-protector-strong -no-canonical-prefixes -D_FORTIFY_SOURCE=2 -Wformat -Werror=format-security   -static-libstdc++ -Wl,--build-id=sha1 -Wl,--no-rosegment -Wl,--fatal-warnings -Wl,--gc-sections -Wl,--no-undefined -Qunused-arguments -Wl,--gc-sections   CMakeFiles/cmTC_7c56b.dir/src.c.o -o cmTC_7c56b  -latomic -lm 
make[1]: Leaving directory '/home/astucieux/Documents/py/flashcard/.buildozer/android/platform/build-arm64-v8a_armeabi-v7a/build/other_builds/jpeg/arm64-v8a__ndk_target_21/jpeg/CMakeFiles/CMakeScratch/TryCompile-aKOrFW'


Source file was:
int main(void) { typedef struct undefined_structure *undef_struct_ptr;  undef_struct_ptr ptr = 0;  return ptr != 0; }

Performing C SOURCE FILE Test INLINE_WORKS succeeded with the following output:
Change Dir: /home/astucieux/Documents/py/flashcard/.buildozer/android/platform/build-arm64-v8a_armeabi-v7a/build/other_builds/jpeg/arm64-v8a__ndk_target_21/jpeg/CMakeFiles/CMakeScratch/TryCompile-PkiVUU

Run Build Command(s):/usr/bin/gmake -f Makefile cmTC_12e5d/fast && make -j20  -f CMakeFiles/cmTC_12e5d.dir/build.make CMakeFiles/cmTC_12e5d.dir/build
make[1]: Entering directory '/home/astucieux/Documents/py/flashcard/.buildozer/android/platform/build-arm64-v8a_armeabi-v7a/build/other_builds/jpeg/arm64-v8a__ndk_target_21/jpeg/CMakeFiles/CMakeScratch/TryCompile-PkiVUU'
Building C object CMakeFiles/cmTC_12e5d.dir/src.c.o
/home/astucieux/.buildozer/android/platform/android-ndk-r25b/toolchains/llvm/prebuilt/linux-x86_64/bin/clang --target=aarch64-none-linux-android21 --sysroot=/home/astucieux/.buildozer/android/platform/android-ndk-r25b/toolchains/llvm/prebuilt/linux-x86_64/sysroot -DINLINE_WORKS  -g -DANDROID -fdata-sections -ffunction-sections -funwind-tables -fstack-protector-strong -no-canonical-prefixes -D_FORTIFY_SOURCE=2 -Wformat -Werror=format-security   -fPIE -MD -MT CMakeFiles/cmTC_12e5d.dir/src.c.o -MF CMakeFiles/cmTC_12e5d.dir/src.c.o.d -o CMakeFiles/cmTC_12e5d.dir/src.c.o -c /home/astucieux/Documents/py/flashcard/.buildozer/android/platform/build-arm64-v8a_armeabi-v7a/build/other_builds/jpeg/arm64-v8a__ndk_target_21/jpeg/CMakeFiles/CMakeScratch/TryCompile-PkiVUU/src.c
Linking C executable cmTC_12e5d
/usr/bin/cmake -E cmake_link_script CMakeFiles/cmTC_12e5d.dir/link.txt --verbose=1
/home/astucieux/.buildozer/android/platform/android-ndk-r25b/toolchains/llvm/prebuilt/linux-x86_64/bin/clang --target=aarch64-none-linux-android21 --sysroot=/home/astucieux/.buildozer/android/platform/android-ndk-r25b/toolchains/llvm/prebuilt/linux-x86_64/sysroot -g -DANDROID -fdata-sections -ffunction-sections -funwind-tables -fstack-protector-strong -no-canonical-prefixes -D_FORTIFY_SOURCE=2 -Wformat -Werror=format-security   -static-libstdc++ -Wl,--build-id=sha1 -Wl,--no-rosegment -Wl,--fatal-warnings -Wl,--gc-sections -Wl,--no-undefined -Qunused-arguments -Wl,--gc-sections   CMakeFiles/cmTC_12e5d.dir/src.c.o -o cmTC_12e5d  -latomic -lm 
make[1]: Leaving directory '/home/astucieux/Documents/py/flashcard/.buildozer/android/platform/build-arm64-v8a_armeabi-v7a/build/other_builds/jpeg/arm64-v8a__ndk_target_21/jpeg/CMakeFiles/CMakeScratch/TryCompile-PkiVUU'


Source file was:
__inline__ __attribute__((always_inline)) static int foo(void) { return 0; } int main(void) { return foo(); }

Performing C SOURCE FILE Test HAVE_VERSION_SCRIPT succeeded with the following output:
Change Dir: /home/astucieux/Documents/py/flashcard/.buildozer/android/platform/build-arm64-v8a_armeabi-v7a/build/other_builds/jpeg/arm64-v8a__ndk_target_21/jpeg/CMakeFiles/CMakeScratch/TryCompile-nidR5M

Run Build Command(s):/usr/bin/gmake -f Makefile cmTC_c6ac9/fast && make -j20  -f CMakeFiles/cmTC_c6ac9.dir/build.make CMakeFiles/cmTC_c6ac9.dir/build
make[1]: Entering directory '/home/astucieux/Documents/py/flashcard/.buildozer/android/platform/build-arm64-v8a_armeabi-v7a/build/other_builds/jpeg/arm64-v8a__ndk_target_21/jpeg/CMakeFiles/CMakeScratch/TryCompile-nidR5M'
Building C object CMakeFiles/cmTC_c6ac9.dir/src.c.o
/home/astucieux/.buildozer/android/platform/android-ndk-r25b/toolchains/llvm/prebuilt/linux-x86_64/bin/clang --target=aarch64-none-linux-android21 --sysroot=/home/astucieux/.buildozer/android/platform/android-ndk-r25b/toolchains/llvm/prebuilt/linux-x86_64/sysroot -DHAVE_VERSION_SCRIPT  -g -DANDROID -fdata-sections -ffunction-sections -funwind-tables -fstack-protector-strong -no-canonical-prefixes -D_FORTIFY_SOURCE=2 -Wformat -Werror=format-security  -Wl,--version-script,/home/astucieux/Documents/py/flashcard/.buildozer/android/platform/build-arm64-v8a_armeabi-v7a/build/other_builds/jpeg/arm64-v8a__ndk_target_21/jpeg/conftest.map -fPIE -MD -MT CMakeFiles/cmTC_c6ac9.dir/src.c.o -MF CMakeFiles/cmTC_c6ac9.dir/src.c.o.d -o CMakeFiles/cmTC_c6ac9.dir/src.c.o -c /home/astucieux/Documents/py/flashcard/.buildozer/android/platform/build-arm64-v8a_armeabi-v7a/build/other_builds/jpeg/arm64-v8a__ndk_target_21/jpeg/CMakeFiles/CMakeScratch/TryCompile-nidR5M/src.c
clang: warning: -Wl,--version-script,/home/astucieux/Documents/py/flashcard/.buildozer/android/platform/build-arm64-v8a_armeabi-v7a/build/other_builds/jpeg/arm64-v8a__ndk_target_21/jpeg/conftest.map: 'linker' input unused [-Wunused-command-line-argument]
Linking C executable cmTC_c6ac9
/usr/bin/cmake -E cmake_link_script CMakeFiles/cmTC_c6ac9.dir/link.txt --verbose=1
/home/astucieux/.buildozer/android/platform/android-ndk-r25b/toolchains/llvm/prebuilt/linux-x86_64/bin/clang --target=aarch64-none-linux-android21 --sysroot=/home/astucieux/.buildozer/android/platform/android-ndk-r25b/toolchains/llvm/prebuilt/linux-x86_64/sysroot -g -DANDROID -fdata-sections -ffunction-sections -funwind-tables -fstack-protector-strong -no-canonical-prefixes -D_FORTIFY_SOURCE=2 -Wformat -Werror=format-security  -Wl,--version-script,/home/astucieux/Documents/py/flashcard/.buildozer/android/platform/build-arm64-v8a_armeabi-v7a/build/other_builds/jpeg/arm64-v8a__ndk_target_21/jpeg/conftest.map -static-libstdc++ -Wl,--build-id=sha1 -Wl,--no-rosegment -Wl,--fatal-warnings -Wl,--gc-sections -Wl,--no-undefined -Qunused-arguments -Wl,--gc-sections   CMakeFiles/cmTC_c6ac9.dir/src.c.o -o cmTC_c6ac9  -latomic -lm 
make[1]: Leaving directory '/home/astucieux/Documents/py/flashcard/.buildozer/android/platform/build-arm64-v8a_armeabi-v7a/build/other_builds/jpeg/arm64-v8a__ndk_target_21/jpeg/CMakeFiles/CMakeScratch/TryCompile-nidR5M'


Source file was:
int main(void) { return 0; }

Checking whether the ASM compiler is Clang using "--version" matched "(clang version)":
Android (8490178, based on r450784d) clang version 14.0.6 (https://android.googlesource.com/toolchain/llvm-project 4c603efb0cca074e9238af8b4106c30add4418f6)
Target: x86_64-unknown-linux-gnu
Thread model: posix
InstalledDir: /home/astucieux/.buildozer/android/platform/android-ndk-r25b/toolchains/llvm/prebuilt/linux-x86_64/bin
